###############################################################################
#
# IAR ELF Linker V2.20.1.176 for STM8                     31/Aug/2017  08:15:22
# Copyright 2010-2015 IAR Systems AB.
#
#    Output file  =  
#        C:\Users\Alexey Revinski\Documents\SENIOR\Repo\BME390\Implant STM8L
#        Program NFC+Pulse\Project\EWSTM8\Debug\Exe\project.out
#    Map file     =  
#        C:\Users\Alexey Revinski\Documents\SENIOR\Repo\BME390\Implant STM8L
#        Program NFC+Pulse\Project\EWSTM8\Debug\List\project.map
#    Command line =  
#        "C:\Users\Alexey Revinski\Documents\SENIOR\Repo\BME390\Implant STM8L
#        Program NFC+Pulse\Project\EWSTM8\Debug\Obj\daphne_fsm_functions.o"
#        "C:\Users\Alexey Revinski\Documents\SENIOR\Repo\BME390\Implant STM8L
#        Program NFC+Pulse\Project\EWSTM8\Debug\Obj\daphne_hardware_config.o"
#        "C:\Users\Alexey Revinski\Documents\SENIOR\Repo\BME390\Implant STM8L
#        Program NFC+Pulse\Project\EWSTM8\Debug\Obj\daphne_utilities.o"
#        "C:\Users\Alexey Revinski\Documents\SENIOR\Repo\BME390\Implant STM8L
#        Program NFC+Pulse\Project\EWSTM8\Debug\Obj\eeprom.o" "C:\Users\Alexey
#        Revinski\Documents\SENIOR\Repo\BME390\Implant STM8L Program
#        NFC+Pulse\Project\EWSTM8\Debug\Obj\M24LR04E-R_I2C.o" "C:\Users\Alexey
#        Revinski\Documents\SENIOR\Repo\BME390\Implant STM8L Program
#        NFC+Pulse\Project\EWSTM8\Debug\Obj\M24LR04E-R_User.o" "C:\Users\Alexey
#        Revinski\Documents\SENIOR\Repo\BME390\Implant STM8L Program
#        NFC+Pulse\Project\EWSTM8\Debug\Obj\main.o" "C:\Users\Alexey
#        Revinski\Documents\SENIOR\Repo\BME390\Implant STM8L Program
#        NFC+Pulse\Project\EWSTM8\Debug\Obj\stm8l15x_adc.o" "C:\Users\Alexey
#        Revinski\Documents\SENIOR\Repo\BME390\Implant STM8L Program
#        NFC+Pulse\Project\EWSTM8\Debug\Obj\stm8l15x_clk.o" "C:\Users\Alexey
#        Revinski\Documents\SENIOR\Repo\BME390\Implant STM8L Program
#        NFC+Pulse\Project\EWSTM8\Debug\Obj\stm8l15x_dac.o" "C:\Users\Alexey
#        Revinski\Documents\SENIOR\Repo\BME390\Implant STM8L Program
#        NFC+Pulse\Project\EWSTM8\Debug\Obj\stm8l15x_dma.o" "C:\Users\Alexey
#        Revinski\Documents\SENIOR\Repo\BME390\Implant STM8L Program
#        NFC+Pulse\Project\EWSTM8\Debug\Obj\stm8l15x_flash.o" "C:\Users\Alexey
#        Revinski\Documents\SENIOR\Repo\BME390\Implant STM8L Program
#        NFC+Pulse\Project\EWSTM8\Debug\Obj\stm8l15x_gpio.o" "C:\Users\Alexey
#        Revinski\Documents\SENIOR\Repo\BME390\Implant STM8L Program
#        NFC+Pulse\Project\EWSTM8\Debug\Obj\stm8l15x_i2c.o" "C:\Users\Alexey
#        Revinski\Documents\SENIOR\Repo\BME390\Implant STM8L Program
#        NFC+Pulse\Project\EWSTM8\Debug\Obj\stm8l15x_it.o" "C:\Users\Alexey
#        Revinski\Documents\SENIOR\Repo\BME390\Implant STM8L Program
#        NFC+Pulse\Project\EWSTM8\Debug\Obj\stm8l15x_iwdg.o" "C:\Users\Alexey
#        Revinski\Documents\SENIOR\Repo\BME390\Implant STM8L Program
#        NFC+Pulse\Project\EWSTM8\Debug\Obj\stm8l15x_pwr.o" "C:\Users\Alexey
#        Revinski\Documents\SENIOR\Repo\BME390\Implant STM8L Program
#        NFC+Pulse\Project\EWSTM8\Debug\Obj\stm8l15x_rtc.o" "C:\Users\Alexey
#        Revinski\Documents\SENIOR\Repo\BME390\Implant STM8L Program
#        NFC+Pulse\Project\EWSTM8\Debug\Obj\stm8l15x_tim1.o" "C:\Users\Alexey
#        Revinski\Documents\SENIOR\Repo\BME390\Implant STM8L Program
#        NFC+Pulse\Project\EWSTM8\Debug\Obj\stm8l15x_tim2.o" "C:\Users\Alexey
#        Revinski\Documents\SENIOR\Repo\BME390\Implant STM8L Program
#        NFC+Pulse\Project\EWSTM8\Debug\Obj\stm8l15x_tim4.o" "C:\Users\Alexey
#        Revinski\Documents\SENIOR\Repo\BME390\Implant STM8L Program
#        NFC+Pulse\Project\EWSTM8\Debug\Obj\stm8l15x_wwdg.o" --redirect
#        _Printf=_PrintfSmall --redirect _Scanf=_ScanfSmall -f "C:\Program
#        Files (x86)\IAR Systems\Embedded Workbench
#        7.3\stm8\config\math_small.xcl" (--redirect cos=__iar_cos_small
#        --redirect cosf=__iar_cos_smallf --redirect cosl=__iar_cos_smalll
#        --redirect exp=__iar_exp_small --redirect expf=__iar_exp_smallf
#        --redirect expl=__iar_exp_smalll --redirect log10=__iar_log10_small
#        --redirect log10f=__iar_log10_smallf --redirect
#        log10l=__iar_log10_smalll --redirect log2=__iar_log2_small --redirect
#        log2f=__iar_log2_smallf --redirect log2l=__iar_log2_smalll --redirect
#        log=__iar_log_small --redirect logf=__iar_log_smallf --redirect
#        logl=__iar_log_smalll --redirect pow=__iar_pow_small --redirect
#        powf=__iar_pow_smallf --redirect powl=__iar_pow_smalll --redirect
#        sin=__iar_sin_small --redirect sinf=__iar_sin_smallf --redirect
#        sinl=__iar_sin_smalll --redirect tan=__iar_tan_small --redirect
#        tanf=__iar_tan_smallf --redirect tanl=__iar_tan_smalll --redirect
#        __iar_Sin=__iar_Sin_small --redirect __iar_Log=__iar_Log_small) -o
#        "C:\Users\Alexey Revinski\Documents\SENIOR\Repo\BME390\Implant STM8L
#        Program NFC+Pulse\Project\EWSTM8\Debug\Exe\project.out" --map
#        "C:\Users\Alexey Revinski\Documents\SENIOR\Repo\BME390\Implant STM8L
#        Program NFC+Pulse\Project\EWSTM8\Debug\List\project.map" --config
#        "C:\Program Files (x86)\IAR Systems\Embedded Workbench
#        7.3\stm8\config\lnkstm8l152c6.icf" --config_def _CSTACK_SIZE=0x100
#        --config_def _HEAP_SIZE=0x300 --entry __iar_program_start --debug_lib
#
###############################################################################

*******************************************************************************
*** RUNTIME MODEL ATTRIBUTES
***

__SystemLibrary            = DLib
__code_model               = small
__core                     = stm8
__data_model               = small
__dlib_file_descriptor     = 0
__dlib_full_locale_support = 0
__rt_version               = 4


*******************************************************************************
*** PLACEMENT SUMMARY
***

"A1":  place at start of [0x000000-0x0000ff] { rw section .vregs };
"P1":  place in [from 0x000000 to 0x0000ff] {
          rw section .tiny.bss, rw section .tiny.data, rw section .tiny.noinit,
          rw section .tiny.rodata };
"A2":  place at end of [0x000000-0x0007ff] { block CSTACK };
"A3":  place at start of [0x008000-0x00ffff] { block INTVEC };
"P3":  place in [from 0x008000 to 0x00ffff] {
          ro section __DLIB_PERTHREAD_init, ro section .far.data_init,
          ro section .far_func.textrw_init, ro section .huge.data_init,
          ro section .huge_func.textrw_init, ro section .iar.init_table,
          ro section .init_array, ro section .near.data_init,
          ro section .near.rodata, ro section .near_func.text,
          ro section .near_func.textrw_init, ro section .tiny.data_init,
          ro section .tiny.rodata_init };

  Section            Kind      Address    Size  Object
  -------            ----      -------    ----  ------
"A1":                                     0x10
  .vregs             uninit   0x000000    0x10  vregs.o [4]
                            - 0x000010    0x10

"P1", part 1 of 2:                        0x1b
  P1-1                        0x000010    0x1b  <Init block>
    .tiny.data       inited   0x000010     0x4  daphne_utilities.o [1]
    .tiny.data       inited   0x000014     0x4  daphne_utilities.o [1]
    .tiny.data       inited   0x000018     0x4  daphne_utilities.o [1]
    .tiny.data       inited   0x00001c     0x4  daphne_utilities.o [1]
    .tiny.data       inited   0x000020     0x4  daphne_utilities.o [1]
    .tiny.data       inited   0x000024     0x7  daphne_utilities.o [1]
                            - 0x00002b    0x1b

"P1", part 2 of 2:                        0x8f
  .tiny.bss          zero     0x00002b    0x40  daphne_utilities.o [1]
  .tiny.bss          zero     0x00006b    0x14  daphne_utilities.o [1]
  .tiny.bss          zero     0x00007f    0x14  daphne_utilities.o [1]
  .tiny.bss          zero     0x000093     0x8  daphne_utilities.o [1]
  .tiny.bss          zero     0x00009b     0x8  daphne_utilities.o [1]
  .tiny.bss          zero     0x0000a3     0x8  daphne_utilities.o [1]
  .tiny.bss          zero     0x0000ab     0x4  daphne_utilities.o [1]
  .tiny.bss          zero     0x0000af     0x2  daphne_utilities.o [1]
  .tiny.bss          zero     0x0000b1     0x2  daphne_utilities.o [1]
  .tiny.bss          zero     0x0000b3     0x2  daphne_utilities.o [1]
  .tiny.bss          zero     0x0000b5     0x2  stm8l15x_it.o [1]
  .tiny.bss          zero     0x0000b7     0x2  stm8l15x_it.o [1]
  .tiny.bss          zero     0x0000b9     0x1  main.o [1]
                            - 0x0000ba    0x8f

"A2":                                    0x100
  CSTACK                      0x000700   0x100  <Block>
    CSTACK           uninit   0x000700   0x100  <Block tail>
                            - 0x000800   0x100

"A3":                                     0x80
  INTVEC                      0x008000    0x80  <Block>
    .intvec          const    0x008000    0x80  interrupt.o [4]
                            - 0x008080    0x80

"P3":                                   0x1d51
  .near_func.text    ro code  0x008080   0x1bb  stm8l15x_i2c.o [1]
  .near_func.text    ro code  0x00823b   0x1a9  M24LR04E-R_I2C.o [1]
  .near_func.text    ro code  0x0083e4   0x188  M24LR04E-R_I2C.o [1]
  .near_func.text    ro code  0x00856c   0x17d  daphne_utilities.o [1]
  .near_func.text    ro code  0x0086e9   0x177  long.o [4]
  .near_func.text    ro code  0x008860   0x118  vreg_util.o [4]
  .near_func.text    ro code  0x008978    0xeb  daphne_utilities.o [1]
  .near_func.text    ro code  0x008a63    0xdf  daphne_utilities.o [1]
  .near_func.text    ro code  0x008b42    0xaf  stm8l15x_gpio.o [1]
  .near_func.text    ro code  0x008bf1    0xa8  daphne_hardware_config.o [1]
  .near_func.text    ro code  0x008c99    0xa1  daphne_hardware_config.o [1]
  .near_func.text    ro code  0x008d3a    0x99  stm8l15x_tim1.o [1]
  .near_func.text    ro code  0x008dd3    0x97  daphne_utilities.o [1]
  .near_func.text    ro code  0x008e6a    0x93  stm8l15x_clk.o [1]
  .near_func.text    ro code  0x008efd    0x8e  stm8l15x_clk.o [1]
  .near_func.text    ro code  0x008f8b    0x84  M24LR04E-R_User.o [1]
  .near_func.text    ro code  0x00900f    0x7f  stm8l15x_dma.o [1]
  .near_func.text    ro code  0x00908e    0x7f  stm8l15x_it.o [1]
  .near_func.text    ro code  0x00910d    0x6e  stm8l15x_i2c.o [1]
  .near_func.text    ro code  0x00917b    0x69  stm8l15x_dac.o [1]
  .near_func.text    ro code  0x0091e4    0x66  stm8l15x_tim1.o [1]
  .near_func.text    ro code  0x00924a    0x65  stm8l15x_tim2.o [1]
  .near_func.text    ro code  0x0092af    0x61  daphne_utilities.o [1]
  .near_func.text    ro code  0x009310    0x57  stm8l15x_tim2.o [1]
  .near_func.text    ro code  0x009367    0x51  daphne_hardware_config.o [1]
  .near_func.text    ro code  0x0093b8    0x4c  stm8l15x_i2c.o [1]
  .near_func.text    ro code  0x009404    0x4b  stm8l15x_i2c.o [1]
  .near_func.text    ro code  0x00944f    0x48  daphne_hardware_config.o [1]
  .near_func.text    ro code  0x009497    0x47  short.o [4]
  .near_func.text    ro code  0x0094de    0x46  M24LR04E-R_User.o [1]
  .near_func.text    ro code  0x009524    0x41  stm8l15x_clk.o [1]
  .near_func.text    ro code  0x009565    0x40  stm8l15x_rtc.o [1]
  .near_func.text    ro code  0x0095a5    0x3f  daphne_hardware_config.o [1]
  .near_func.text    ro code  0x0095e4    0x3d  daphne_fsm_functions.o [1]
  .near_func.text    ro code  0x009621    0x38  stm8l15x_rtc.o [1]
  .near_func.text    ro code  0x009659    0x36  daphne_hardware_config.o [1]
  .near_func.text    ro code  0x00968f    0x36  daphne_hardware_config.o [1]
  .near_func.text    ro code  0x0096c5    0x36  stm8l15x_dac.o [1]
  .near_func.text    ro code  0x0096fb    0x36  long_util.o [4]
  .near_func.text    ro code  0x009731    0x34  stm8l15x_it.o [1]
  .near_func.text    ro code  0x009765    0x2d  M24LR04E-R_I2C.o [1]
  .near_func.text    ro code  0x009792    0x2c  M24LR04E-R_User.o [1]
  .near_func.text    ro code  0x0097be    0x2b  daphne_fsm_functions.o [1]
  .near_func.text    ro code  0x0097e9    0x2b  M24LR04E-R_I2C.o [1]
  .near_func.text    ro code  0x009814    0x2b  stm8l15x_i2c.o [1]
  .near_func.text    ro code  0x00983f    0x2b  stm8l15x_i2c.o [1]
  .near_func.text    ro code  0x00986a    0x2b  stm8l15x_i2c.o [1]
  .near_func.text    ro code  0x009895    0x28  init_small.o [4]
  .near_func.text    ro code  0x0098bd    0x25  daphne_hardware_config.o [1]
  .near_func.text    ro code  0x0098e2    0x25  M24LR04E-R_User.o [1]
  .near_func.text    ro code  0x009907    0x25  dc_util.o [4]
  .near_func.text    ro code  0x00992c    0x24  stm8l15x_tim1.o [1]
  .near_func.text    ro code  0x009950    0x24  stm8l15x_tim2.o [1]
  .near_func.text    ro code  0x009974    0x21  daphne_hardware_config.o [1]
  .near_func.text    ro code  0x009995    0x21  stm8l15x_tim4.o [1]
  .iar.init_table    const    0x0099b6    0x12  - Linker created -
  .near_func.text    ro code  0x0099c8    0x20  stm8l15x_rtc.o [1]
  .near_func.text    ro code  0x0099e8    0x1f  M24LR04E-R_User.o [1]
  .near_func.text    ro code  0x009a07    0x1e  stm8l15x_dac.o [1]
  .near_func.text    ro code  0x009a25    0x1e  stm8l15x_dac.o [1]
  .near_func.text    ro code  0x009a43    0x1e  stm8l15x_i2c.o [1]
  .near_func.text    ro code  0x009a61    0x1e  init_small.o [4]
  .near_func.text    ro code  0x009a7f    0x1c  daphne_hardware_config.o [1]
  .near_func.text    ro code  0x009a9b    0x1b  stm8l15x_tim2.o [1]
  .near_func.text    ro code  0x009ab6    0x1b  stm8l15x_tim2.o [1]
  .near_func.text    ro code  0x009ad1    0x1b  stm8l15x_tim4.o [1]
  .near_func.text    ro code  0x009aec    0x1b  stm8l15x_tim4.o [1]
  .near_func.text    ro code  0x009b07    0x1b  stm8l15x_tim4.o [1]
  Initializer bytes  const    0x009b22    0x1b  <for P1-1>
  .near_func.text    ro code  0x009b3d    0x1a  stm8l15x_rtc.o [1]
  .near_func.text    ro code  0x009b57    0x1a  stm8l15x_tim1.o [1]
  .near_func.text    ro code  0x009b71    0x1a  stm8l15x_tim2.o [1]
  .near_func.text    ro code  0x009b8b    0x1a  stm8l15x_tim2.o [1]
  .near_func.text    ro code  0x009ba5    0x18  daphne_utilities.o [1]
  .near_func.text    ro code  0x009bbd    0x17  init.o [4]
  .near_func.text    ro code  0x009bd4    0x16  stm8l15x_rtc.o [1]
  .near_func.text    ro code  0x009bea    0x14  __dbg_xxexit.o [3]
  .near_func.text    ro code  0x009bfe    0x13  cstartup.o [4]
  .near_func.text    ro code  0x009c11    0x12  stm8l15x_rtc.o [1]
  .near_func.text    ro code  0x009c23    0x11  main.o [1]
  .near_func.text    ro code  0x009c34    0x11  stm8l15x_dma.o [1]
  .near_func.text    ro code  0x009c45    0x11  stm8l15x_i2c.o [1]
  .near_func.text    ro code  0x009c56    0x11  stm8l15x_tim4.o [1]
  .near_func.text    ro code  0x009c67    0x10  isdigit.o [4]
  .near_func.text    ro code  0x009c77     0xf  stm8l15x_tim4.o [1]
  .near_func.text    ro code  0x009c86     0xe  stm8l15x_dma.o [1]
  .near_func.text    ro code  0x009c94     0xe  stm8l15x_pwr.o [1]
  .near_func.text    ro code  0x009ca2     0xe  stm8l15x_pwr.o [1]
  .near_func.text    ro code  0x009cb0     0xe  stm8l15x_tim1.o [1]
  .near_func.text    ro code  0x009cbe     0xe  stm8l15x_tim1.o [1]
  .near_func.text    ro code  0x009ccc     0xe  stm8l15x_tim1.o [1]
  .near_func.text    ro code  0x009cda     0xe  stm8l15x_tim2.o [1]
  .near_func.text    ro code  0x009ce8     0xe  stm8l15x_tim2.o [1]
  .near_func.text    ro code  0x009cf6     0xe  stm8l15x_tim2.o [1]
  .near_func.text    ro code  0x009d04     0xe  stm8l15x_tim4.o [1]
  .near_func.text    ro code  0x009d12     0xd  stm8l15x_tim1.o [1]
  .near_func.text    ro code  0x009d1f     0xd  move.o [4]
  .near_func.text    ro code  0x009d2c     0xc  daphne_utilities.o [1]
  .near_func.text    ro code  0x009d38     0xc  stm8l15x_rtc.o [1]
  .near_func.text    ro code  0x009d44     0xa  daphne_hardware_config.o [1]
  .near_func.text    ro code  0x009d4e     0xa  M24LR04E-R_I2C.o [1]
  .near_func.text    ro code  0x009d58     0xa  stm8l15x_clk.o [1]
  .near_func.text    ro code  0x009d62     0x9  stm8l15x_dma.o [1]
  .near_func.text    ro code  0x009d6b     0x9  stm8l15x_tim2.o [1]
  .near_func.text    ro code  0x009d74     0x8  stm8l15x_gpio.o [1]
  .near_func.text    ro code  0x009d7c     0x8  stm8l15x_i2c.o [1]
  .near_func.text    ro code  0x009d84     0x7  stm8l15x_gpio.o [1]
  .near.rodata       const    0x009d8b     0x6  daphne_utilities.o [1]
  .near.rodata       const    0x009d91     0x5  stm8l15x_clk.o [1]
  .near_func.text    ro code  0x009d96     0x5  stm8l15x_i2c.o [1]
  .near_func.text    ro code  0x009d9b     0x5  cexit.o [4]
  .near_func.text    ro code  0x009da0     0x4  M24LR04E-R_I2C.o [1]
  .near_func.text    ro code  0x009da4     0x4  stm8l15x_clk.o [1]
  .near_func.text    ro code  0x009da8     0x3  interrupt.o [4]
  .near_func.text    ro code  0x009dab     0x3  low_level_init.o [4]
  .near_func.text    ro code  0x009dae     0x3  exit.o [4]
  .near_func.text    ro code  0x009db1     0x3  unhandled_exception.o [4]
  .near_func.text    ro code  0x009db4     0x1  stm8l15x_it.o [1]
  .near_func.text    ro code  0x009db5     0x1  stm8l15x_it.o [1]
  .near_func.text    ro code  0x009db6     0x1  stm8l15x_it.o [1]
  .near_func.text    ro code  0x009db7     0x1  stm8l15x_it.o [1]
  .near_func.text    ro code  0x009db8     0x1  stm8l15x_it.o [1]
  .near_func.text    ro code  0x009db9     0x1  stm8l15x_it.o [1]
  .near_func.text    ro code  0x009dba     0x1  stm8l15x_it.o [1]
  .near_func.text    ro code  0x009dbb     0x1  stm8l15x_it.o [1]
  .near_func.text    ro code  0x009dbc     0x1  stm8l15x_it.o [1]
  .near_func.text    ro code  0x009dbd     0x1  stm8l15x_it.o [1]
  .near_func.text    ro code  0x009dbe     0x1  stm8l15x_it.o [1]
  .near_func.text    ro code  0x009dbf     0x1  stm8l15x_it.o [1]
  .near_func.text    ro code  0x009dc0     0x1  stm8l15x_it.o [1]
  .near_func.text    ro code  0x009dc1     0x1  stm8l15x_it.o [1]
  .near_func.text    ro code  0x009dc2     0x1  stm8l15x_it.o [1]
  .near_func.text    ro code  0x009dc3     0x1  stm8l15x_it.o [1]
  .near_func.text    ro code  0x009dc4     0x1  stm8l15x_it.o [1]
  .near_func.text    ro code  0x009dc5     0x1  stm8l15x_it.o [1]
  .near_func.text    ro code  0x009dc6     0x1  stm8l15x_it.o [1]
  .near_func.text    ro code  0x009dc7     0x1  stm8l15x_it.o [1]
  .near_func.text    ro code  0x009dc8     0x1  stm8l15x_it.o [1]
  .near_func.text    ro code  0x009dc9     0x1  stm8l15x_it.o [1]
  .near_func.text    ro code  0x009dca     0x1  stm8l15x_it.o [1]
  .near_func.text    ro code  0x009dcb     0x1  stm8l15x_it.o [1]
  .near_func.text    ro code  0x009dcc     0x1  stm8l15x_it.o [1]
  .near_func.text    ro code  0x009dcd     0x1  stm8l15x_it.o [1]
  .near_func.text    ro code  0x009dce     0x1  stm8l15x_it.o [1]
  .near_func.text    ro code  0x009dcf     0x1  stm8l15x_it.o [1]
  .near_func.text    ro code  0x009dd0     0x1  __dbg_break.o [3]
                            - 0x009dd1  0x1d51


*******************************************************************************
*** INIT TABLE
***

          Address   Size
          -------   ----
Zero (__iar_zero_init2)
    1 destination range, total size 0x8f:
          0x00002b  0x8f

Copy (__iar_copy_init2)
    1 source range, total size 0x1b:
          0x009b22  0x1b
    1 destination range, total size 0x1b:
          0x000010  0x1b



*******************************************************************************
*** MODULE SUMMARY
***

    Module                    ro code  ro data  rw data
    ------                    -------  -------  -------
C:\Users\Alexey Revinski\Documents\SENIOR\Repo\BME390\Implant STM8L Program NFC+Pulse\Project\EWSTM8\Debug\Obj: [1]
    M24LR04E-R_I2C.o              919
    M24LR04E-R_User.o             314
    daphne_fsm_functions.o        104
    daphne_hardware_config.o      761
    daphne_utilities.o          1 123       33      165
    main.o                         17                 1
    stm8l15x_clk.o                368        5
    stm8l15x_dac.o                219
    stm8l15x_dma.o                167
    stm8l15x_gpio.o               190
    stm8l15x_i2c.o                893
    stm8l15x_it.o                 207                 4
    stm8l15x_pwr.o                 28
    stm8l15x_rtc.o                230
    stm8l15x_tim1.o               372
    stm8l15x_tim2.o               381
    stm8l15x_tim4.o               160
    ---------------------------------------------------
    Total:                      6 453       38      170

command line: [2]
    ---------------------------------------------------
    Total:

dbgstm8ssd.a: [3]
    __dbg_break.o                   1
    __dbg_xxexit.o                 20
    ---------------------------------------------------
    Total:                         21

dlstm8ssn.a: [4]
    cexit.o                         5
    cstartup.o                     19
    dc_util.o                      37
    exit.o                          3
    init.o                         23
    init_small.o                   70
    interrupt.o                     3      128
    isdigit.o                      16
    long.o                        375
    long_util.o                    54
    low_level_init.o                3
    move.o                         13
    short.o                        71
    unhandled_exception.o           3
    vreg_util.o                   280
    vregs.o                                          16
    ---------------------------------------------------
    Total:                        975      128       16

    Linker created                          18      256
-------------------------------------------------------
    Grand Total:                7 449      184      442


*******************************************************************************
*** ENTRY LIST
***

Entry                    Address   Size  Type      Object
-----                    -------   ----  ----      ------
.iar.init_table$$Base   0x0099b6          --   Gb  - Linker created -
.iar.init_table$$Limit  0x0099c8          --   Gb  - Linker created -
?add32_l0_l0_0x         0x008705         Code  Gb  long.o [4]
?add32_l0_l0_l1         0x008702         Code  Gb  long.o [4]
?b0                     0x000000         Data  Gb  vregs.o [4]
?b1                     0x000001         Data  Gb  vregs.o [4]
?b10                    0x00000a         Data  Gb  vregs.o [4]
?b11                    0x00000b         Data  Gb  vregs.o [4]
?b12                    0x00000c         Data  Gb  vregs.o [4]
?b13                    0x00000d         Data  Gb  vregs.o [4]
?b14                    0x00000e         Data  Gb  vregs.o [4]
?b15                    0x00000f         Data  Gb  vregs.o [4]
?b2                     0x000002         Data  Gb  vregs.o [4]
?b3                     0x000003         Data  Gb  vregs.o [4]
?b4                     0x000004         Data  Gb  vregs.o [4]
?b5                     0x000005         Data  Gb  vregs.o [4]
?b6                     0x000006         Data  Gb  vregs.o [4]
?b7                     0x000007         Data  Gb  vregs.o [4]
?b8                     0x000008         Data  Gb  vregs.o [4]
?b9                     0x000009         Data  Gb  vregs.o [4]
?dc32_l0                0x009907         Code  Gb  dc_util.o [4]
?dc32_l1                0x009914         Code  Gb  dc_util.o [4]
?dc32_px                0x009921         Code  Gb  dc_util.o [4]
?dec32_0x_0x            0x0086ee         Code  Gb  long.o [4]
?dec32_l2_l2            0x0086e9         Code  Gb  long.o [4]
?e0                     0x000001         Data  Gb  vregs.o [4]
?e1                     0x000005         Data  Gb  vregs.o [4]
?e2                     0x000009         Data  Gb  vregs.o [4]
?e3                     0x00000d         Data  Gb  vregs.o [4]
?epilogue_l2            0x008907         Code  Gb  vreg_util.o [4]
?epilogue_l2_l3         0x008904         Code  Gb  vreg_util.o [4]
?epilogue_l2_w6         0x00890b         Code  Gb  vreg_util.o [4]
?epilogue_w4            0x008912         Code  Gb  vreg_util.o [4]
?l0                     0x000000         Data  Gb  vregs.o [4]
?l1                     0x000004         Data  Gb  vregs.o [4]
?l2                     0x000008         Data  Gb  vregs.o [4]
?l3                     0x00000c         Data  Gb  vregs.o [4]
?load32_0x_l0           0x009723         Code  Gb  long_util.o [4]
?load32_l0_0x           0x00970b         Code  Gb  long_util.o [4]
?load32_l0_asp          0x009700         Code  Gb  long_util.o [4]
?load32_l0_dbsp         0x0096fb         Code  Gb  long_util.o [4]
?load32_l0_xsp          0x009702         Code  Gb  long_util.o [4]
?load32_l1_0x           0x009717         Code  Gb  long_util.o [4]
?mov_e0_e1              0x008920         Code  Gb  vreg_util.o [4]
?mov_e0_e2              0x00892d         Code  Gb  vreg_util.o [4]
?mov_e0_e3              0x00893a         Code  Gb  vreg_util.o [4]
?mov_e1_e0              0x008947         Code  Gb  vreg_util.o [4]
?mov_e1_e3              0x008954         Code  Gb  vreg_util.o [4]
?mov_e2_e0              0x008961         Code  Gb  vreg_util.o [4]
?mov_e3_e0              0x00896e         Code  Gb  vreg_util.o [4]
?mov_l0_l1              0x00891d         Code  Gb  vreg_util.o [4]
?mov_l0_l2              0x00892a         Code  Gb  vreg_util.o [4]
?mov_l0_l3              0x008937         Code  Gb  vreg_util.o [4]
?mov_l1_l0              0x008944         Code  Gb  vreg_util.o [4]
?mov_l1_l3              0x008951         Code  Gb  vreg_util.o [4]
?mov_l2_l0              0x00895e         Code  Gb  vreg_util.o [4]
?mov_l3_l0              0x00896b         Code  Gb  vreg_util.o [4]
?mov_w1_w3              0x008923         Code  Gb  vreg_util.o [4]
?mov_w1_w5              0x008930         Code  Gb  vreg_util.o [4]
?mov_w1_w7              0x00893d         Code  Gb  vreg_util.o [4]
?mov_w3_w1              0x00894a         Code  Gb  vreg_util.o [4]
?mov_w3_w7              0x008957         Code  Gb  vreg_util.o [4]
?mov_w4_w1              0x008916         Code  Gb  vreg_util.o [4]
?mov_w5_w1              0x008964         Code  Gb  vreg_util.o [4]
?mov_w7_w1              0x008971         Code  Gb  vreg_util.o [4]
?move1616_v_x_y_a       0x009d1f         Code  Gb  move.o [4]
?mul16_x_x_w0           0x009497         Code  Gb  short.o [4]
?mul32_l0_l0_0x         0x008720         Code  Gb  long.o [4]
?mul32_l0_l0_dl         0x00871d         Code  Gb  long.o [4]
?mul32_l0_l0_l1         0x008729         Code  Gb  long.o [4]
?pop_l0                 0x0088d0         Code  Gb  vreg_util.o [4]
?pop_l1                 0x0088db         Code  Gb  vreg_util.o [4]
?pop_l2                 0x0088e6         Code  Gb  vreg_util.o [4]
?pop_l3                 0x0088f1         Code  Gb  vreg_util.o [4]
?pop_w4                 0x008882         Code  Gb  vreg_util.o [4]
?pop_w6                 0x008889         Code  Gb  vreg_util.o [4]
?pop_w7                 0x008890         Code  Gb  vreg_util.o [4]
?push_l0                0x00889f         Code  Gb  vreg_util.o [4]
?push_l1                0x0088a4         Code  Gb  vreg_util.o [4]
?push_l2                0x0088a9         Code  Gb  vreg_util.o [4]
?push_l3                0x0088ae         Code  Gb  vreg_util.o [4]
?push_w4                0x008860         Code  Gb  vreg_util.o [4]
?push_w6                0x008865         Code  Gb  vreg_util.o [4]
?push_w7                0x00886a         Code  Gb  vreg_util.o [4]
?scmp32_c_l0_l1         0x00881c         Code  Gb  long.o [4]
?sdiv16_x_x_y           0x0094b5         Code  Gb  short.o [4]
?sext32_l0_x            0x008855         Code  Gb  long.o [4]
?sll16_x_x_a            0x0094ce         Code  Gb  short.o [4]
?sll32_0x_0x_a          0x008836         Code  Gb  long.o [4]
?sll32_l0_l0_a          0x008833         Code  Gb  long.o [4]
?srl16_x_x_4            0x0094d9         Code  Gb  short.o [4]
?srl16_x_x_5            0x0094d8         Code  Gb  short.o [4]
?srl16_x_x_6            0x0094d7         Code  Gb  short.o [4]
?srl16_x_x_7            0x0094d6         Code  Gb  short.o [4]
?srl32_0x_0x_a          0x008847         Code  Gb  long.o [4]
?srl32_l0_l0_a          0x008844         Code  Gb  long.o [4]
?udiv32_l0_dl_l1        0x0087a7         Code  Gb  long.o [4]
?udiv32_l0_l0_dl        0x0087ac         Code  Gb  long.o [4]
?udiv32_l0_l0_l1        0x0087af         Code  Gb  long.o [4]
?umod32_l1_l0_l1        0x0087af         Code  Gb  long.o [4]
?w0                     0x000000         Data  Gb  vregs.o [4]
?w1                     0x000002         Data  Gb  vregs.o [4]
?w2                     0x000004         Data  Gb  vregs.o [4]
?w3                     0x000006         Data  Gb  vregs.o [4]
?w4                     0x000008         Data  Gb  vregs.o [4]
?w5                     0x00000a         Data  Gb  vregs.o [4]
?w6                     0x00000c         Data  Gb  vregs.o [4]
?w7                     0x00000e         Data  Gb  vregs.o [4]
ADC1_COMP_IRQHandler    0x009dc5    0x1  Code  Gb  stm8l15x_it.o [1]
CLK_Config              0x00944f   0x48  Code  Gb  daphne_hardware_config.o [1]
CLK_DeInit              0x009524   0x41  Code  Gb  stm8l15x_clk.o [1]
CLK_GetClockFreq        0x008e6a   0x93  Code  Gb  stm8l15x_clk.o [1]
CLK_PeripheralClockConfig
                        0x008efd   0x8e  Code  Gb  stm8l15x_clk.o [1]
CLK_RTCClockConfig      0x009d58    0xa  Code  Gb  stm8l15x_clk.o [1]
CLK_SYSCLKDivConfig     0x009da4    0x4  Code  Gb  stm8l15x_clk.o [1]
CSTACK$$Base            0x000700          --   Gb  - Linker created -
CSTACK$$Limit           0x000800          --   Gb  - Linker created -
DACBuffer               0x0000a3    0x8  Data  Gb  daphne_utilities.o [1]
DAC_Cmd                 0x009a07   0x1e  Code  Gb  stm8l15x_dac.o [1]
DAC_Config              0x009a7f   0x1c  Code  Gb  daphne_hardware_config.o [1]
DAC_DMACmd              0x009a25   0x1e  Code  Gb  stm8l15x_dac.o [1]
DAC_DeInit              0x00917b   0x69  Code  Gb  stm8l15x_dac.o [1]
DAC_Init                0x0096c5   0x36  Code  Gb  stm8l15x_dac.o [1]
DMA1_CHANNEL0_1_IRQHandler
                        0x009db6    0x1  Code  Gb  stm8l15x_it.o [1]
DMA1_CHANNEL2_3_IRQHandler
                        0x009db7    0x1  Code  Gb  stm8l15x_it.o [1]
DMA1_Config             0x008bf1   0xa8  Code  Gb  daphne_hardware_config.o [1]
DMA_Cmd                 0x009c34   0x11  Code  Gb  stm8l15x_dma.o [1]
DMA_GlobalCmd           0x009c86    0xe  Code  Gb  stm8l15x_dma.o [1]
DMA_GlobalDeInit        0x009d62    0x9  Code  Gb  stm8l15x_dma.o [1]
DMA_Init                0x00900f   0x7f  Code  Gb  stm8l15x_dma.o [1]
DeInitClock             0x008c99   0xa1  Code  Lc  daphne_hardware_config.o [1]
DeInitGPIO              0x009367   0x51  Code  Lc  daphne_hardware_config.o [1]
EXTI0_IRQHandler        0x009dbb    0x1  Code  Gb  stm8l15x_it.o [1]
EXTI1_IRQHandler        0x009dbc    0x1  Code  Gb  stm8l15x_it.o [1]
EXTI2_IRQHandler        0x009dbd    0x1  Code  Gb  stm8l15x_it.o [1]
EXTI3_IRQHandler        0x009dbe    0x1  Code  Gb  stm8l15x_it.o [1]
EXTI4_IRQHandler        0x009dbf    0x1  Code  Gb  stm8l15x_it.o [1]
EXTI5_IRQHandler        0x009dc0    0x1  Code  Gb  stm8l15x_it.o [1]
EXTI6_IRQHandler        0x009dc1    0x1  Code  Gb  stm8l15x_it.o [1]
EXTI7_IRQHandler        0x009dc2    0x1  Code  Gb  stm8l15x_it.o [1]
EXTIB_IRQHandler        0x009db9    0x1  Code  Gb  stm8l15x_it.o [1]
EXTID_IRQHandler        0x009dba    0x1  Code  Gb  stm8l15x_it.o [1]
EXTIE_F_PVD_IRQHandler  0x009db8    0x1  Code  Gb  stm8l15x_it.o [1]
FLASH_IRQHandler        0x009db5    0x1  Code  Gb  stm8l15x_it.o [1]
GPIO_Config             0x009659   0x36  Code  Gb  daphne_hardware_config.o [1]
GPIO_Init               0x008b42   0xaf  Code  Gb  stm8l15x_gpio.o [1]
GPIO_ResetBits          0x009d74    0x8  Code  Gb  stm8l15x_gpio.o [1]
GPIO_SetBits            0x009d84    0x7  Code  Gb  stm8l15x_gpio.o [1]
I2C1_IRQHandler         0x009dcf    0x1  Code  Gb  stm8l15x_it.o [1]
I2C_AcknowledgeConfig   0x00986a   0x2b  Code  Gb  stm8l15x_i2c.o [1]
I2C_CheckEvent          0x00910d   0x6e  Code  Gb  stm8l15x_i2c.o [1]
I2C_Cmd                 0x009c45   0x11  Code  Gb  stm8l15x_i2c.o [1]
I2C_DeInit              0x0093b8   0x4c  Code  Gb  stm8l15x_i2c.o [1]
I2C_GenerateSTART       0x009814   0x2b  Code  Gb  stm8l15x_i2c.o [1]
I2C_GenerateSTOP        0x00983f   0x2b  Code  Gb  stm8l15x_i2c.o [1]
I2C_GetFlagStatus       0x009404   0x4b  Code  Gb  stm8l15x_i2c.o [1]
I2C_Init                0x008080  0x1bb  Code  Gb  stm8l15x_i2c.o [1]
I2C_ReceiveData         0x009d96    0x5  Code  Gb  stm8l15x_i2c.o [1]
I2C_Send7bitAddress     0x009a43   0x1e  Code  Gb  stm8l15x_i2c.o [1]
I2C_SendData            0x009d7c    0x8  Code  Gb  stm8l15x_i2c.o [1]
INTVEC$$Base            0x008000          --   Gb  - Linker created -
INTVEC$$Limit           0x008080          --   Gb  - Linker created -
InitializeBuffer        0x0099e8   0x1f  Code  Gb  M24LR04E-R_User.o [1]
LCD_IRQHandler          0x009dc3    0x1  Code  Gb  stm8l15x_it.o [1]
M24LR04E_DeInit         0x009da0    0x4  Code  Gb  M24LR04E-R_I2C.o [1]
M24LR04E_Init           0x0097e9   0x2b  Code  Gb  M24LR04E-R_I2C.o [1]
M24LR04E_LowLevel_DeInit
                        0x009765   0x2d  Code  Lc  M24LR04E-R_I2C.o [1]
M24LR04E_LowLevel_Init  0x009d4e    0xa  Code  Lc  M24LR04E-R_I2C.o [1]
M24LR04E_ReadBuffer     0x00823b  0x1a9  Code  Gb  M24LR04E-R_I2C.o [1]
M24LR04E_ReadOneByte    0x0083e4  0x188  Code  Gb  M24LR04E-R_I2C.o [1]
NDEFmessage             0x00002b   0x40  Data  Gb  daphne_utilities.o [1]
PWR_Config              0x009d44    0xa  Code  Gb  daphne_hardware_config.o [1]
PWR_FastWakeUpCmd       0x009c94    0xe  Code  Gb  stm8l15x_pwr.o [1]
PWR_UltraLowPowerCmd    0x009ca2    0xe  Code  Gb  stm8l15x_pwr.o [1]
RTC_ClearITPendingBit   0x009d38    0xc  Code  Gb  stm8l15x_rtc.o [1]
RTC_Config              0x009974   0x21  Code  Gb  daphne_hardware_config.o [1]
RTC_IRQHandler          0x00908e   0x7f  Code  Gb  stm8l15x_it.o [1]
RTC_ITConfig            0x009621   0x38  Code  Gb  stm8l15x_rtc.o [1]
RTC_RatioCmd            0x009b3d   0x1a  Code  Gb  stm8l15x_rtc.o [1]
RTC_SetWakeUpCounter    0x009bd4   0x16  Code  Gb  stm8l15x_rtc.o [1]
RTC_WakeUpClockConfig   0x0099c8   0x20  Code  Gb  stm8l15x_rtc.o [1]
RTC_WakeUpCmd           0x009565   0x40  Code  Gb  stm8l15x_rtc.o [1]
RTC_WriteProtectionCmd  0x009c11   0x12  Code  Gb  stm8l15x_rtc.o [1]
Region$$Table$$Base     0x0099b6          --   Gb  - Linker created -
Region$$Table$$Limit    0x0099c8          --   Gb  - Linker created -
SPI1_IRQHandler         0x009dcc    0x1  Code  Gb  stm8l15x_it.o [1]
SWITCH_CSS_BREAK_DAC_IRQHandler
                        0x009dc4    0x1  Code  Gb  stm8l15x_it.o [1]
SYSDivFactor            0x009d91    0x5  Data  Gb  stm8l15x_clk.o [1]
TI1Buffer               0x000093    0x8  Data  Gb  daphne_utilities.o [1]
TI2Buffer               0x00009b    0x8  Data  Gb  daphne_utilities.o [1]
TIM1_ARRPreloadConfig   0x009ccc    0xe  Code  Gb  stm8l15x_tim1.o [1]
TIM1_CAP_IRQHandler     0x009dca    0x1  Code  Gb  stm8l15x_it.o [1]
TIM1_Cmd                0x009cb0    0xe  Code  Gb  stm8l15x_tim1.o [1]
TIM1_Config             0x0095a5   0x3f  Code  Gb  daphne_hardware_config.o [1]
TIM1_CtrlPWMOutputs     0x009cbe    0xe  Code  Gb  stm8l15x_tim1.o [1]
TIM1_DMACmd             0x009b57   0x1a  Code  Gb  stm8l15x_tim1.o [1]
TIM1_DeInit             0x008d3a   0x99  Code  Gb  stm8l15x_tim1.o [1]
TIM1_OC1Init            0x0091e4   0x66  Code  Gb  stm8l15x_tim1.o [1]
TIM1_SelectOutputTrigger
                        0x009d12    0xd  Code  Gb  stm8l15x_tim1.o [1]
TIM1_TimeBaseInit       0x00992c   0x24  Code  Gb  stm8l15x_tim1.o [1]
TIM1_UPD_OVF_TRG_COM_IRQHandler
                        0x009dc9    0x1  Code  Gb  stm8l15x_it.o [1]
TIM2_CAP_IRQHandler     0x009dc6    0x1  Code  Gb  stm8l15x_it.o [1]
TIM2_ClearITPendingBit  0x009d6b    0x9  Code  Gb  stm8l15x_tim2.o [1]
TIM2_Cmd                0x009cda    0xe  Code  Gb  stm8l15x_tim2.o [1]
TIM2_Config             0x00968f   0x36  Code  Gb  daphne_hardware_config.o [1]
TIM2_CtrlPWMOutputs     0x009ce8    0xe  Code  Gb  stm8l15x_tim2.o [1]
TIM2_DMACmd             0x009b8b   0x1a  Code  Gb  stm8l15x_tim2.o [1]
TIM2_DeInit             0x00924a   0x65  Code  Gb  stm8l15x_tim2.o [1]
TIM2_ITConfig           0x009b71   0x1a  Code  Gb  stm8l15x_tim2.o [1]
TIM2_OC1Init            0x009310   0x57  Code  Gb  stm8l15x_tim2.o [1]
TIM2_OC1PreloadConfig   0x009cf6    0xe  Code  Gb  stm8l15x_tim2.o [1]
TIM2_SelectInputTrigger
                        0x009a9b   0x1b  Code  Gb  stm8l15x_tim2.o [1]
TIM2_SelectSlaveMode    0x009ab6   0x1b  Code  Gb  stm8l15x_tim2.o [1]
TIM2_TimeBaseInit       0x009950   0x24  Code  Gb  stm8l15x_tim2.o [1]
TIM2_UPD_OVF_TRG_BRK_IRQHandler
                        0x009731   0x34  Code  Gb  stm8l15x_it.o [1]
TIM3_CAP_IRQHandler     0x009dc8    0x1  Code  Gb  stm8l15x_it.o [1]
TIM3_UPD_OVF_TRG_BRK_IRQHandler
                        0x009dc7    0x1  Code  Gb  stm8l15x_it.o [1]
TIM4_Cmd                0x009d04    0xe  Code  Gb  stm8l15x_tim4.o [1]
TIM4_Config             0x0098bd   0x25  Code  Gb  daphne_hardware_config.o [1]
TIM4_DeInit             0x009995   0x21  Code  Gb  stm8l15x_tim4.o [1]
TIM4_SelectInputTrigger
                        0x009aec   0x1b  Code  Gb  stm8l15x_tim4.o [1]
TIM4_SelectOnePulseMode
                        0x009c77    0xf  Code  Gb  stm8l15x_tim4.o [1]
TIM4_SelectOutputTrigger
                        0x009ad1   0x1b  Code  Gb  stm8l15x_tim4.o [1]
TIM4_SelectSlaveMode    0x009b07   0x1b  Code  Gb  stm8l15x_tim4.o [1]
TIM4_TimeBaseInit       0x009c56   0x11  Code  Gb  stm8l15x_tim4.o [1]
TIM4_UPD_OVF_TRG_IRQHandler
                        0x009dcb    0x1  Code  Gb  stm8l15x_it.o [1]
TRAP_IRQHandler         0x009db4    0x1  Code  Gb  stm8l15x_it.o [1]
USART1_RX_IRQHandler    0x009dce    0x1  Code  Gb  stm8l15x_it.o [1]
USART1_TX_IRQHandler    0x009dcd    0x1  Code  Gb  stm8l15x_it.o [1]
User_CheckNDEFMessage   0x0094de   0x46  Code  Gb  M24LR04E-R_User.o [1]
User_GetNDEFMessage     0x009792   0x2c  Code  Gb  M24LR04E-R_User.o [1]
User_GetPayloadLength   0x0098e2   0x25  Code  Gb  M24LR04E-R_User.o [1]
User_ReadNDEFMessage    0x008f8b   0x84  Code  Gb  M24LR04E-R_User.o [1]
__DebugBreak            0x009dd0    0x1  Code  Gb  __dbg_break.o [3]
__exit                  0x009bea   0x14  Code  Gb  __dbg_xxexit.o [3]
__iar_copy_init2        0x009895         Code  Gb  init_small.o [4]
__iar_data_init2        0x009bbd   0x17  Code  Gb  init.o [4]
__iar_program_start     0x009bfe         Code  Gb  cstartup.o [4]
__iar_unhandled_exception
                        0x009db1         Code  Gb  unhandled_exception.o [4]
__iar_zero_init2        0x009a61         Code  Gb  init_small.o [4]
__intvec                0x008000         Data  Gb  interrupt.o [4]
__low_level_init        0x009dab    0x3  Code  Gb  low_level_init.o [4]
_exit                   0x009d9b         Code  Gb  cexit.o [4]
_interrupt_1            0x009db4         Code  Gb  stm8l15x_it.o [1]
_interrupt_10           0x009dbb         Code  Gb  stm8l15x_it.o [1]
_interrupt_11           0x009dbc         Code  Gb  stm8l15x_it.o [1]
_interrupt_12           0x009dbd         Code  Gb  stm8l15x_it.o [1]
_interrupt_13           0x009dbe         Code  Gb  stm8l15x_it.o [1]
_interrupt_14           0x009dbf         Code  Gb  stm8l15x_it.o [1]
_interrupt_15           0x009dc0         Code  Gb  stm8l15x_it.o [1]
_interrupt_16           0x009dc1         Code  Gb  stm8l15x_it.o [1]
_interrupt_17           0x009dc2         Code  Gb  stm8l15x_it.o [1]
_interrupt_18           0x009dc3         Code  Gb  stm8l15x_it.o [1]
_interrupt_19           0x009dc4         Code  Gb  stm8l15x_it.o [1]
_interrupt_20           0x009dc5         Code  Gb  stm8l15x_it.o [1]
_interrupt_21           0x009731         Code  Gb  stm8l15x_it.o [1]
_interrupt_22           0x009dc6         Code  Gb  stm8l15x_it.o [1]
_interrupt_23           0x009dc7         Code  Gb  stm8l15x_it.o [1]
_interrupt_24           0x009dc8         Code  Gb  stm8l15x_it.o [1]
_interrupt_25           0x009dc9         Code  Gb  stm8l15x_it.o [1]
_interrupt_26           0x009dca         Code  Gb  stm8l15x_it.o [1]
_interrupt_27           0x009dcb         Code  Gb  stm8l15x_it.o [1]
_interrupt_28           0x009dcc         Code  Gb  stm8l15x_it.o [1]
_interrupt_29           0x009dcd         Code  Gb  stm8l15x_it.o [1]
_interrupt_3            0x009db5         Code  Gb  stm8l15x_it.o [1]
_interrupt_30           0x009dce         Code  Gb  stm8l15x_it.o [1]
_interrupt_31           0x009dcf         Code  Gb  stm8l15x_it.o [1]
_interrupt_4            0x009db6         Code  Gb  stm8l15x_it.o [1]
_interrupt_5            0x009db7         Code  Gb  stm8l15x_it.o [1]
_interrupt_6            0x00908e         Code  Gb  stm8l15x_it.o [1]
_interrupt_7            0x009db8         Code  Gb  stm8l15x_it.o [1]
_interrupt_8            0x009db9         Code  Gb  stm8l15x_it.o [1]
_interrupt_9            0x009dba         Code  Gb  stm8l15x_it.o [1]
breath_period           0x0000b3    0x2  Data  Gb  daphne_utilities.o [1]
breathing_rate          0x000018    0x4  Data  Gb  daphne_utilities.o [1]
check_data              0x0092af   0x61  Code  Gb  daphne_utilities.o [1]
daphne                  0x0000b9    0x1  Data  Gb  main.o [1]
data                    0x00006b   0x14  Data  Lc  daphne_utilities.o [1]
end_timer               0x0000b5    0x2  Data  Gb  stm8l15x_it.o [1]
exit                    0x009dae    0x3  Code  Gb  exit.o [4]
fetch_data              0x009d2c    0xc  Code  Gb  daphne_utilities.o [1]
get_new_settings        0x009ba5   0x18  Code  Gb  daphne_utilities.o [1]
initialize              0x008dd3   0x97  Code  Gb  daphne_utilities.o [1]
inspiratory_time        0x00001c    0x4  Data  Gb  daphne_utilities.o [1]
interpulse_interval     0x000020    0x4  Data  Gb  daphne_utilities.o [1]
isdigit                 0x009c67   0x10  Code  Gb  isdigit.o [4]
limit_data              0x00856c  0x17d  Code  Gb  daphne_utilities.o [1]
main                    0x009c23   0x11  Code  Gb  main.o [1]
one_period              0x0000ab    0x4  Data  Gb  daphne_utilities.o [1]
parse_data              0x008978   0xeb  Code  Gb  daphne_utilities.o [1]
prev_data               0x00007f   0x14  Data  Lc  daphne_utilities.o [1]
pulse_amplitude         0x000014    0x4  Data  Gb  daphne_utilities.o [1]
pulse_width             0x000010    0x4  Data  Gb  daphne_utilities.o [1]
sentMail                0x000024    0x7  Data  Gb  daphne_utilities.o [1]
start_Expiration        0x0097be   0x2b  Code  Gb  daphne_fsm_functions.o [1]
start_Inspiration       0x0095e4   0x3d  Code  Gb  daphne_fsm_functions.o [1]
time_ex                 0x0000b1    0x2  Data  Gb  daphne_utilities.o [1]
time_in                 0x0000af    0x2  Data  Gb  daphne_utilities.o [1]
update                  0x008a63   0xdf  Code  Gb  daphne_utilities.o [1]


[1] = C:\Users\Alexey Revinski\Documents\SENIOR\Repo\BME390\Implant STM8L Program NFC+Pulse\Project\EWSTM8\Debug\Obj
[2] = command line
[3] = dbgstm8ssd.a
[4] = dlstm8ssn.a

  7 449 bytes of readonly  code memory
    184 bytes of readonly  data memory
    442 bytes of readwrite data memory

Errors: none
Warnings: none
