###############################################################################
#
# IAR ELF Linker V3.10.1.201 for STM8                     19/Oct/2017  21:30:49
# Copyright 2010-2017 IAR Systems AB.
#
#    Output file  =  
#        \\.psf\Home\Documents\GitHub\DAPhNe-Stimulator-System\MCU\Project\EWSTM8\Debug\Exe\project.out
#    Map file     =  
#        \\.psf\Home\Documents\GitHub\DAPhNe-Stimulator-System\MCU\Project\EWSTM8\Debug\List\project.map
#    Command line =  
#        -f C:\Users\ccbur\AppData\Local\Temp\EWB5AE.tmp
#        (\\.psf\Home\Documents\GitHub\DAPhNe-Stimulator-System\MCU\Project\EWSTM8\Debug\Obj\daphne_fsm_functions.o
#        \\.psf\Home\Documents\GitHub\DAPhNe-Stimulator-System\MCU\Project\EWSTM8\Debug\Obj\daphne_hardware_config.o
#        \\.psf\Home\Documents\GitHub\DAPhNe-Stimulator-System\MCU\Project\EWSTM8\Debug\Obj\daphne_utilities.o
#        \\.psf\Home\Documents\GitHub\DAPhNe-Stimulator-System\MCU\Project\EWSTM8\Debug\Obj\eeprom.o
#        \\.psf\Home\Documents\GitHub\DAPhNe-Stimulator-System\MCU\Project\EWSTM8\Debug\Obj\M24LR04E-R_I2C.o
#        \\.psf\Home\Documents\GitHub\DAPhNe-Stimulator-System\MCU\Project\EWSTM8\Debug\Obj\M24LR04E-R_User.o
#        \\.psf\Home\Documents\GitHub\DAPhNe-Stimulator-System\MCU\Project\EWSTM8\Debug\Obj\main.o
#        \\.psf\Home\Documents\GitHub\DAPhNe-Stimulator-System\MCU\Project\EWSTM8\Debug\Obj\stm8l15x_adc.o
#        \\.psf\Home\Documents\GitHub\DAPhNe-Stimulator-System\MCU\Project\EWSTM8\Debug\Obj\stm8l15x_clk.o
#        \\.psf\Home\Documents\GitHub\DAPhNe-Stimulator-System\MCU\Project\EWSTM8\Debug\Obj\stm8l15x_dac.o
#        \\.psf\Home\Documents\GitHub\DAPhNe-Stimulator-System\MCU\Project\EWSTM8\Debug\Obj\stm8l15x_dma.o
#        \\.psf\Home\Documents\GitHub\DAPhNe-Stimulator-System\MCU\Project\EWSTM8\Debug\Obj\stm8l15x_flash.o
#        \\.psf\Home\Documents\GitHub\DAPhNe-Stimulator-System\MCU\Project\EWSTM8\Debug\Obj\stm8l15x_gpio.o
#        \\.psf\Home\Documents\GitHub\DAPhNe-Stimulator-System\MCU\Project\EWSTM8\Debug\Obj\stm8l15x_i2c.o
#        \\.psf\Home\Documents\GitHub\DAPhNe-Stimulator-System\MCU\Project\EWSTM8\Debug\Obj\stm8l15x_it.o
#        \\.psf\Home\Documents\GitHub\DAPhNe-Stimulator-System\MCU\Project\EWSTM8\Debug\Obj\stm8l15x_iwdg.o
#        \\.psf\Home\Documents\GitHub\DAPhNe-Stimulator-System\MCU\Project\EWSTM8\Debug\Obj\stm8l15x_pwr.o
#        \\.psf\Home\Documents\GitHub\DAPhNe-Stimulator-System\MCU\Project\EWSTM8\Debug\Obj\stm8l15x_rtc.o
#        \\.psf\Home\Documents\GitHub\DAPhNe-Stimulator-System\MCU\Project\EWSTM8\Debug\Obj\stm8l15x_tim1.o
#        \\.psf\Home\Documents\GitHub\DAPhNe-Stimulator-System\MCU\Project\EWSTM8\Debug\Obj\stm8l15x_tim2.o
#        \\.psf\Home\Documents\GitHub\DAPhNe-Stimulator-System\MCU\Project\EWSTM8\Debug\Obj\stm8l15x_tim4.o
#        \\.psf\Home\Documents\GitHub\DAPhNe-Stimulator-System\MCU\Project\EWSTM8\Debug\Obj\stm8l15x_wwdg.o
#        --redirect _Printf=_PrintfSmall --redirect _Scanf=_ScanfSmall -f
#        "C:\Program Files (x86)\IAR Systems\Embedded Workbench
#        8.0\stm8\config\math_small.xcl" (--redirect cos=__iar_cos_small
#        --redirect cosf=__iar_cos_smallf --redirect cosl=__iar_cos_smalll
#        --redirect exp=__iar_exp_small --redirect expf=__iar_exp_smallf
#        --redirect expl=__iar_exp_smalll --redirect log10=__iar_log10_small
#        --redirect log10f=__iar_log10_smallf --redirect
#        log10l=__iar_log10_smalll --redirect log2=__iar_log2_small --redirect
#        log2f=__iar_log2_smallf --redirect log2l=__iar_log2_smalll --redirect
#        log=__iar_log_small --redirect logf=__iar_log_smallf --redirect
#        logl=__iar_log_smalll --redirect pow=__iar_pow_small --redirect
#        powf=__iar_pow_smallf --redirect powl=__iar_pow_smalll --redirect
#        sin=__iar_sin_small --redirect sinf=__iar_sin_smallf --redirect
#        sinl=__iar_sin_smalll --redirect tan=__iar_tan_small --redirect
#        tanf=__iar_tan_smallf --redirect tanl=__iar_tan_smalll --redirect
#        __iar_Sin=__iar_Sin_small --redirect __iar_Log=__iar_Log_small) -o
#        \\.psf\Home\Documents\GitHub\DAPhNe-Stimulator-System\MCU\Project\EWSTM8\Debug\Exe\project.out
#        --map
#        \\.psf\Home\Documents\GitHub\DAPhNe-Stimulator-System\MCU\Project\EWSTM8\Debug\List\project.map
#        --config "C:\Program Files (x86)\IAR Systems\Embedded Workbench
#        8.0\stm8\config\lnkstm8l152c6.icf" --config_def _CSTACK_SIZE=0x100
#        --config_def _HEAP_SIZE=0x300 --entry __iar_program_start --debug_lib)
#
###############################################################################

*******************************************************************************
*** RUNTIME MODEL ATTRIBUTES
***

__SystemLibrary            = DLib
__code_model               = small
__core                     = stm8
__data_model               = small
__dlib_file_descriptor     = 0
__dlib_full_locale_support = 0
__rt_version               = 4


*******************************************************************************
*** PLACEMENT SUMMARY
***

"A0":  place at start of [0x000000-0x0000ff] { rw section .vregs };
"P1":  place in [from 0x000000 to 0x0000ff] {
          rw section .tiny.bss, rw section .tiny.data, rw section .tiny.noinit,
          rw section .tiny.rodata };
"A1":  place at end of [0x000000-0x0007ff] { block CSTACK };
"A2":  place at start of [0x008000-0x00ffff] { block INTVEC };
"P3":  place in [from 0x008000 to 0x00ffff] {
          ro section __DLIB_PERTHREAD_init, ro section .far.data_init,
          ro section .far_func.textrw_init, ro section .huge.data_init,
          ro section .huge_func.textrw_init, ro section .iar.init_table,
          ro section .init_array, ro section .near.data_init,
          ro section .near.rodata, ro section .near_func.text,
          ro section .near_func.textrw_init, ro section .tiny.data_init,
          ro section .tiny.rodata_init };
"P4":  place in [from 0x008000 to 0x00ffff] {
          ro section .far.rodata, ro section .far_func.text };
"P5":  place in [from 0x008000 to 0x00ffff] {
          ro section .huge.rodata, ro section .huge_func.text };
do not initialize {
   rw section .eeprom.noinit, rw section .far.noinit, rw section .huge.noinit,
   rw section .near.noinit, rw section .tiny.noinit, rw section .vregs };
initialize by copy {
   rw section .far.bss, rw section .far.data, rw section .far_func.textrw,
   rw section .huge.bss, rw section .huge.data, rw section .huge_func.textrw,
   rw section .iar.dynexit, rw section .near.bss, rw section .near.data,
   rw section .near_func.textrw, rw section .tiny.bss, rw section .tiny.data,
   ro section .tiny.rodata };

  Section            Kind      Address    Size  Object
  -------            ----      -------    ----  ------
"A0":                                     0x10
  .vregs             uninit   0x000000    0x10  vregs.o [4]
                            - 0x000010    0x10

"P1", part 1 of 2:                        0x1b
  P1-1                        0x000010    0x1b  <Init block>
    .tiny.data       inited   0x000010     0x4  daphne_utilities.o [1]
    .tiny.data       inited   0x000014     0x4  daphne_utilities.o [1]
    .tiny.data       inited   0x000018     0x4  daphne_utilities.o [1]
    .tiny.data       inited   0x00001c     0x4  daphne_utilities.o [1]
    .tiny.data       inited   0x000020     0x4  daphne_utilities.o [1]
    .tiny.data       inited   0x000024     0x7  daphne_utilities.o [1]
                            - 0x00002b    0x1b

"P1", part 2 of 2:                        0x7b
  .tiny.bss          zero     0x00002b    0x40  daphne_utilities.o [1]
  .tiny.bss          zero     0x00006b    0x14  daphne_utilities.o [1]
  .tiny.bss          zero     0x00007f     0x8  daphne_utilities.o [1]
  .tiny.bss          zero     0x000087     0x8  daphne_utilities.o [1]
  .tiny.bss          zero     0x00008f     0x8  daphne_utilities.o [1]
  .tiny.bss          zero     0x000097     0x4  daphne_utilities.o [1]
  .tiny.bss          zero     0x00009b     0x2  daphne_utilities.o [1]
  .tiny.bss          zero     0x00009d     0x2  daphne_utilities.o [1]
  .tiny.bss          zero     0x00009f     0x2  daphne_utilities.o [1]
  .tiny.bss          zero     0x0000a1     0x2  stm8l15x_it.o [1]
  .tiny.bss          zero     0x0000a3     0x2  stm8l15x_it.o [1]
  .tiny.bss          zero     0x0000a5     0x1  main.o [1]
                            - 0x0000a6    0x7b

"A1":                                    0x100
  CSTACK                      0x000700   0x100  <Block>
    CSTACK           uninit   0x000700   0x100  <Block tail>
                            - 0x000800   0x100

"A2":                                     0x80
  INTVEC                      0x008000    0x80  <Block>
    .intvec          const    0x008000    0x80  interrupt.o [4]
                            - 0x008080    0x80

"P3-P5":                                0x1b80
  .near_func.text    ro code  0x008080   0x1b1  stm8l15x_i2c.o [1]
  .near_func.text    ro code  0x008231   0x1a3  M24LR04E-R_I2C.o [1]
  .near_func.text    ro code  0x0083d4   0x188  M24LR04E-R_I2C.o [1]
  .near_func.text    ro code  0x00855c   0x177  long.o [4]
  .near_func.text    ro code  0x0086d3   0x169  daphne_utilities.o [1]
  .near_func.text    ro code  0x00883c   0x118  vreg_util.o [4]
  .near_func.text    ro code  0x008954    0xdf  daphne_utilities.o [1]
  .near_func.text    ro code  0x008a33    0xc8  daphne_utilities.o [1]
  .near_func.text    ro code  0x008afb    0xa8  daphne_hardware_config.o [1]
  .near_func.text    ro code  0x008ba3    0x99  stm8l15x_tim1.o [1]
  .near_func.text    ro code  0x008c3c    0x93  stm8l15x_dma.o [1]
  .near_func.text    ro code  0x008ccf    0x91  stm8l15x_clk.o [1]
  .near_func.text    ro code  0x008d60    0x8e  stm8l15x_clk.o [1]
  .near_func.text    ro code  0x008dee    0x8e  stm8l15x_gpio.o [1]
  .near_func.text    ro code  0x008e7c    0x7f  stm8l15x_it.o [1]
  .near_func.text    ro code  0x008efb    0x7c  M24LR04E-R_User.o [1]
  .near_func.text    ro code  0x008f77    0x69  stm8l15x_dac.o [1]
  .near_func.text    ro code  0x008fe0    0x68  stm8l15x_i2c.o [1]
  .near_func.text    ro code  0x009048    0x66  stm8l15x_tim1.o [1]
  .near_func.text    ro code  0x0090ae    0x65  stm8l15x_tim2.o [1]
  .near_func.text    ro code  0x009113    0x5b  daphne_utilities.o [1]
  .near_func.text    ro code  0x00916e    0x59  daphne_utilities.o [1]
  .near_func.text    ro code  0x0091c7    0x57  stm8l15x_tim2.o [1]
  .near_func.text    ro code  0x00921e    0x51  daphne_hardware_config.o [1]
  .near_func.text    ro code  0x00926f    0x4a  stm8l15x_i2c.o [1]
  .near_func.text    ro code  0x0092b9    0x47  short.o [4]
  .near_func.text    ro code  0x009300    0x45  daphne_hardware_config.o [1]
  .near_func.text    ro code  0x009345    0x45  M24LR04E-R_User.o [1]
  .near_func.text    ro code  0x00938a    0x41  stm8l15x_clk.o [1]
  .near_func.text    ro code  0x0093cb    0x3f  daphne_hardware_config.o [1]
  .near_func.text    ro code  0x00940a    0x3d  daphne_fsm_functions.o [1]
  .near_func.text    ro code  0x009447    0x3d  stm8l15x_rtc.o [1]
  .near_func.text    ro code  0x009484    0x38  stm8l15x_rtc.o [1]
  .near_func.text    ro code  0x0094bc    0x36  daphne_hardware_config.o [1]
  .near_func.text    ro code  0x0094f2    0x36  daphne_hardware_config.o [1]
  .near_func.text    ro code  0x009528    0x36  stm8l15x_dac.o [1]
  .near_func.text    ro code  0x00955e    0x36  long_util.o [4]
  .near_func.text    ro code  0x009594    0x34  stm8l15x_it.o [1]
  .near_func.text    ro code  0x0095c8    0x31  stm8l15x_i2c.o [1]
  .near_func.text    ro code  0x0095f9    0x2d  M24LR04E-R_I2C.o [1]
  .near_func.text    ro code  0x009626    0x2c  M24LR04E-R_User.o [1]
  .near_func.text    ro code  0x009652    0x2b  daphne_fsm_functions.o [1]
  .near_func.text    ro code  0x00967d    0x2b  M24LR04E-R_I2C.o [1]
  .near_func.text    ro code  0x0096a8    0x28  init_small.o [4]
  .near_func.text    ro code  0x0096d0    0x25  daphne_hardware_config.o [1]
  .near_func.text    ro code  0x0096f5    0x25  dc_util.o [4]
  .near_func.text    ro code  0x00971a    0x24  M24LR04E-R_User.o [1]
  .near_func.text    ro code  0x00973e    0x24  stm8l15x_tim1.o [1]
  .near_func.text    ro code  0x009762    0x24  stm8l15x_tim2.o [1]
  .near_func.text    ro code  0x009786    0x21  daphne_hardware_config.o [1]
  .near_func.text    ro code  0x0097a7    0x21  stm8l15x_tim4.o [1]
  .iar.init_table    const    0x0097c8    0x12  - Linker created -
  .near_func.text    ro code  0x0097da    0x20  stm8l15x_rtc.o [1]
  .near_func.text    ro code  0x0097fa    0x1e  stm8l15x_dac.o [1]
  .near_func.text    ro code  0x009818    0x1e  stm8l15x_dac.o [1]
  .near_func.text    ro code  0x009836    0x1e  init_small.o [4]
  .near_func.text    ro code  0x009854    0x1c  daphne_hardware_config.o [1]
  .near_func.text    ro code  0x009870    0x1b  stm8l15x_i2c.o [1]
  .near_func.text    ro code  0x00988b    0x1b  stm8l15x_i2c.o [1]
  .near_func.text    ro code  0x0098a6    0x1b  stm8l15x_i2c.o [1]
  .near_func.text    ro code  0x0098c1    0x1b  stm8l15x_tim2.o [1]
  .near_func.text    ro code  0x0098dc    0x1b  stm8l15x_tim2.o [1]
  .near_func.text    ro code  0x0098f7    0x1b  stm8l15x_tim4.o [1]
  .near_func.text    ro code  0x009912    0x1b  stm8l15x_tim4.o [1]
  .near_func.text    ro code  0x00992d    0x1b  stm8l15x_tim4.o [1]
  Initializer bytes  const    0x009948    0x1b  <for P1-1>
  .near_func.text    ro code  0x009963    0x1a  stm8l15x_rtc.o [1]
  .near_func.text    ro code  0x00997d    0x1a  stm8l15x_tim1.o [1]
  .near_func.text    ro code  0x009997    0x1a  stm8l15x_tim2.o [1]
  .near_func.text    ro code  0x0099b1    0x1a  stm8l15x_tim2.o [1]
  .near_func.text    ro code  0x0099cb    0x18  daphne_utilities.o [1]
  .near_func.text    ro code  0x0099e3    0x16  M24LR04E-R_User.o [1]
  .near_func.text    ro code  0x0099f9    0x16  stm8l15x_rtc.o [1]
  .near_func.text    ro code  0x009a0f    0x14  init.o [4]
  .near_func.text    ro code  0x009a23    0x14  __dbg_xxexit.o [3]
  .near_func.text    ro code  0x009a37    0x13  cstartup.o [4]
  .near_func.text    ro code  0x009a4a    0x12  stm8l15x_i2c.o [1]
  .near_func.text    ro code  0x009a5c    0x12  stm8l15x_rtc.o [1]
  .near_func.text    ro code  0x009a6e    0x11  main.o [1]
  .near_func.text    ro code  0x009a7f    0x11  stm8l15x_dma.o [1]
  .near_func.text    ro code  0x009a90    0x11  stm8l15x_i2c.o [1]
  .near_func.text    ro code  0x009aa1    0x11  stm8l15x_tim4.o [1]
  .near_func.text    ro code  0x009ab2    0x10  isdigit.o [4]
  .near_func.text    ro code  0x009ac2     0xf  stm8l15x_tim4.o [1]
  .near_func.text    ro code  0x009ad1     0xe  stm8l15x_dma.o [1]
  .near_func.text    ro code  0x009adf     0xe  stm8l15x_pwr.o [1]
  .near_func.text    ro code  0x009aed     0xe  stm8l15x_pwr.o [1]
  .near_func.text    ro code  0x009afb     0xe  stm8l15x_tim1.o [1]
  .near_func.text    ro code  0x009b09     0xe  stm8l15x_tim1.o [1]
  .near_func.text    ro code  0x009b17     0xe  stm8l15x_tim1.o [1]
  .near_func.text    ro code  0x009b25     0xe  stm8l15x_tim2.o [1]
  .near_func.text    ro code  0x009b33     0xe  stm8l15x_tim2.o [1]
  .near_func.text    ro code  0x009b41     0xe  stm8l15x_tim2.o [1]
  .near_func.text    ro code  0x009b4f     0xe  stm8l15x_tim4.o [1]
  .near_func.text    ro code  0x009b5d     0xd  stm8l15x_tim1.o [1]
  .near_func.text    ro code  0x009b6a     0xd  move.o [4]
  .near_func.text    ro code  0x009b77     0xc  daphne_utilities.o [1]
  .near_func.text    ro code  0x009b83     0xc  stm8l15x_rtc.o [1]
  .near_func.text    ro code  0x009b8f     0xa  daphne_hardware_config.o [1]
  .near_func.text    ro code  0x009b99     0xa  M24LR04E-R_I2C.o [1]
  .near_func.text    ro code  0x009ba3     0xa  stm8l15x_clk.o [1]
  .near_func.text    ro code  0x009bad     0x9  stm8l15x_dma.o [1]
  .near_func.text    ro code  0x009bb6     0x9  stm8l15x_tim2.o [1]
  .near_func.text    ro code  0x009bbf     0x8  stm8l15x_gpio.o [1]
  .near_func.text    ro code  0x009bc7     0x8  stm8l15x_i2c.o [1]
  .near_func.text    ro code  0x009bcf     0x7  stm8l15x_gpio.o [1]
  .near.rodata       const    0x009bd6     0x6  daphne_utilities.o [1]
  .near.rodata       const    0x009bdc     0x5  stm8l15x_clk.o [1]
  .near_func.text    ro code  0x009be1     0x5  stm8l15x_i2c.o [1]
  .near_func.text    ro code  0x009be6     0x5  cexit.o [4]
  .near_func.text    ro code  0x009beb     0x4  M24LR04E-R_I2C.o [1]
  .near_func.text    ro code  0x009bef     0x4  stm8l15x_clk.o [1]
  .near_func.text    ro code  0x009bf3     0x3  interrupt.o [4]
  .near_func.text    ro code  0x009bf6     0x3  low_level_init.o [4]
  .near_func.text    ro code  0x009bf9     0x3  exit.o [4]
  .near_func.text    ro code  0x009bfc     0x3  unhandled_exception.o [4]
  .near_func.text    ro code  0x009bff     0x1  __dbg_break.o [3]
                            - 0x009c00  0x1b80


*******************************************************************************
*** INIT TABLE
***

          Address   Size
          -------   ----
Zero (__iar_zero_init2)
    1 destination range, total size 0x7b:
          0x00002b  0x7b

Copy (__iar_copy_init2)
    1 source range, total size 0x1b:
          0x009948  0x1b
    1 destination range, total size 0x1b:
          0x000010  0x1b



*******************************************************************************
*** MODULE SUMMARY
***

    Module                    ro code  ro data  rw data
    ------                    -------  -------  -------
\\.psf\Home\Documents\GitHub\DAPhNe-Stimulator-System\MCU\Project\EWSTM8\Debug\Obj: [1]
    M24LR04E-R_I2C.o              913
    M24LR04E-R_User.o             295
    daphne_fsm_functions.o        104
    daphne_hardware_config.o      597
    daphne_utilities.o          1 000       33      145
    main.o                         17                 1
    stm8l15x_clk.o                366        5
    stm8l15x_dac.o                219
    stm8l15x_dma.o                187
    stm8l15x_gpio.o               157
    stm8l15x_i2c.o                789
    stm8l15x_it.o                 179                 4
    stm8l15x_pwr.o                 28
    stm8l15x_rtc.o                227
    stm8l15x_tim1.o               372
    stm8l15x_tim2.o               381
    stm8l15x_tim4.o               160
    ---------------------------------------------------
    Total:                      5 991       38      150

command line: [2]
    ---------------------------------------------------
    Total:

dbgstm8ssd.a: [3]
    __dbg_break.o                   1
    __dbg_xxexit.o                 20
    ---------------------------------------------------
    Total:                         21

dlstm8ssn.a: [4]
    cexit.o                         5
    cstartup.o                     19
    dc_util.o                      37
    exit.o                          3
    init.o                         20
    init_small.o                   70
    interrupt.o                     3      128
    isdigit.o                      16
    long.o                        375
    long_util.o                    54
    low_level_init.o                3
    move.o                         13
    short.o                        71
    unhandled_exception.o           3
    vreg_util.o                   280
    vregs.o                                          16
    ---------------------------------------------------
    Total:                        972      128       16

    Linker created                          18      256
-------------------------------------------------------
    Grand Total:                6 984      184      422


*******************************************************************************
*** ENTRY LIST
***

Entry                    Address   Size  Type      Object
-----                    -------   ----  ----      ------
.iar.init_table$$Base   0x0097c8          --   Gb  - Linker created -
.iar.init_table$$Limit  0x0097da          --   Gb  - Linker created -
?add32_l0_l0_0x         0x008578         Code  Gb  long.o [4]
?add32_l0_l0_l1         0x008575         Code  Gb  long.o [4]
?b0                     0x000000         Data  Gb  vregs.o [4]
?b1                     0x000001         Data  Gb  vregs.o [4]
?b10                    0x00000a         Data  Gb  vregs.o [4]
?b11                    0x00000b         Data  Gb  vregs.o [4]
?b12                    0x00000c         Data  Gb  vregs.o [4]
?b13                    0x00000d         Data  Gb  vregs.o [4]
?b14                    0x00000e         Data  Gb  vregs.o [4]
?b15                    0x00000f         Data  Gb  vregs.o [4]
?b2                     0x000002         Data  Gb  vregs.o [4]
?b3                     0x000003         Data  Gb  vregs.o [4]
?b4                     0x000004         Data  Gb  vregs.o [4]
?b5                     0x000005         Data  Gb  vregs.o [4]
?b6                     0x000006         Data  Gb  vregs.o [4]
?b7                     0x000007         Data  Gb  vregs.o [4]
?b8                     0x000008         Data  Gb  vregs.o [4]
?b9                     0x000009         Data  Gb  vregs.o [4]
?dc32_l0                0x0096f5         Code  Gb  dc_util.o [4]
?dc32_l1                0x009702         Code  Gb  dc_util.o [4]
?dc32_px                0x00970f         Code  Gb  dc_util.o [4]
?dec32_0x_0x            0x008561         Code  Gb  long.o [4]
?dec32_l2_l2            0x00855c         Code  Gb  long.o [4]
?e0                     0x000001         Data  Gb  vregs.o [4]
?e1                     0x000005         Data  Gb  vregs.o [4]
?e2                     0x000009         Data  Gb  vregs.o [4]
?e3                     0x00000d         Data  Gb  vregs.o [4]
?epilogue_l2            0x0088e3         Code  Gb  vreg_util.o [4]
?epilogue_l2_l3         0x0088e0         Code  Gb  vreg_util.o [4]
?epilogue_l2_w6         0x0088e7         Code  Gb  vreg_util.o [4]
?epilogue_w4            0x0088ee         Code  Gb  vreg_util.o [4]
?l0                     0x000000         Data  Gb  vregs.o [4]
?l1                     0x000004         Data  Gb  vregs.o [4]
?l2                     0x000008         Data  Gb  vregs.o [4]
?l3                     0x00000c         Data  Gb  vregs.o [4]
?load32_0x_l0           0x009586         Code  Gb  long_util.o [4]
?load32_l0_0x           0x00956e         Code  Gb  long_util.o [4]
?load32_l0_asp          0x009563         Code  Gb  long_util.o [4]
?load32_l0_dbsp         0x00955e         Code  Gb  long_util.o [4]
?load32_l0_xsp          0x009565         Code  Gb  long_util.o [4]
?load32_l1_0x           0x00957a         Code  Gb  long_util.o [4]
?mov_e0_e1              0x0088fc         Code  Gb  vreg_util.o [4]
?mov_e0_e2              0x008909         Code  Gb  vreg_util.o [4]
?mov_e0_e3              0x008916         Code  Gb  vreg_util.o [4]
?mov_e1_e0              0x008923         Code  Gb  vreg_util.o [4]
?mov_e1_e3              0x008930         Code  Gb  vreg_util.o [4]
?mov_e2_e0              0x00893d         Code  Gb  vreg_util.o [4]
?mov_e3_e0              0x00894a         Code  Gb  vreg_util.o [4]
?mov_l0_l1              0x0088f9         Code  Gb  vreg_util.o [4]
?mov_l0_l2              0x008906         Code  Gb  vreg_util.o [4]
?mov_l0_l3              0x008913         Code  Gb  vreg_util.o [4]
?mov_l1_l0              0x008920         Code  Gb  vreg_util.o [4]
?mov_l1_l3              0x00892d         Code  Gb  vreg_util.o [4]
?mov_l2_l0              0x00893a         Code  Gb  vreg_util.o [4]
?mov_l3_l0              0x008947         Code  Gb  vreg_util.o [4]
?mov_w1_w3              0x0088ff         Code  Gb  vreg_util.o [4]
?mov_w1_w5              0x00890c         Code  Gb  vreg_util.o [4]
?mov_w1_w7              0x008919         Code  Gb  vreg_util.o [4]
?mov_w3_w1              0x008926         Code  Gb  vreg_util.o [4]
?mov_w3_w7              0x008933         Code  Gb  vreg_util.o [4]
?mov_w4_w1              0x0088f2         Code  Gb  vreg_util.o [4]
?mov_w5_w1              0x008940         Code  Gb  vreg_util.o [4]
?mov_w7_w1              0x00894d         Code  Gb  vreg_util.o [4]
?move1616_v_x_y_a       0x009b6a         Code  Gb  move.o [4]
?mul16_x_x_w0           0x0092b9         Code  Gb  short.o [4]
?mul32_l0_l0_0x         0x008593         Code  Gb  long.o [4]
?mul32_l0_l0_dl         0x008590         Code  Gb  long.o [4]
?mul32_l0_l0_l1         0x00859c         Code  Gb  long.o [4]
?pop_l0                 0x0088ac         Code  Gb  vreg_util.o [4]
?pop_l1                 0x0088b7         Code  Gb  vreg_util.o [4]
?pop_l2                 0x0088c2         Code  Gb  vreg_util.o [4]
?pop_l3                 0x0088cd         Code  Gb  vreg_util.o [4]
?pop_w4                 0x00885e         Code  Gb  vreg_util.o [4]
?pop_w6                 0x008865         Code  Gb  vreg_util.o [4]
?pop_w7                 0x00886c         Code  Gb  vreg_util.o [4]
?push_l0                0x00887b         Code  Gb  vreg_util.o [4]
?push_l1                0x008880         Code  Gb  vreg_util.o [4]
?push_l2                0x008885         Code  Gb  vreg_util.o [4]
?push_l3                0x00888a         Code  Gb  vreg_util.o [4]
?push_w4                0x00883c         Code  Gb  vreg_util.o [4]
?push_w6                0x008841         Code  Gb  vreg_util.o [4]
?push_w7                0x008846         Code  Gb  vreg_util.o [4]
?scmp32_c_l0_l1         0x00868f         Code  Gb  long.o [4]
?sdiv16_x_x_y           0x0092d7         Code  Gb  short.o [4]
?sext32_l0_x            0x0086c8         Code  Gb  long.o [4]
?sll16_x_x_a            0x0092f0         Code  Gb  short.o [4]
?sll32_0x_0x_a          0x0086a9         Code  Gb  long.o [4]
?sll32_l0_l0_a          0x0086a6         Code  Gb  long.o [4]
?srl16_x_x_4            0x0092fb         Code  Gb  short.o [4]
?srl16_x_x_5            0x0092fa         Code  Gb  short.o [4]
?srl16_x_x_6            0x0092f9         Code  Gb  short.o [4]
?srl16_x_x_7            0x0092f8         Code  Gb  short.o [4]
?srl32_0x_0x_a          0x0086ba         Code  Gb  long.o [4]
?srl32_l0_l0_a          0x0086b7         Code  Gb  long.o [4]
?udiv32_l0_dl_l1        0x00861a         Code  Gb  long.o [4]
?udiv32_l0_l0_dl        0x00861f         Code  Gb  long.o [4]
?udiv32_l0_l0_l1        0x008622         Code  Gb  long.o [4]
?umod32_l1_l0_l1        0x008622         Code  Gb  long.o [4]
?w0                     0x000000         Data  Gb  vregs.o [4]
?w1                     0x000002         Data  Gb  vregs.o [4]
?w2                     0x000004         Data  Gb  vregs.o [4]
?w3                     0x000006         Data  Gb  vregs.o [4]
?w4                     0x000008         Data  Gb  vregs.o [4]
?w5                     0x00000a         Data  Gb  vregs.o [4]
?w6                     0x00000c         Data  Gb  vregs.o [4]
?w7                     0x00000e         Data  Gb  vregs.o [4]
CLK_Config              0x009300   0x45  Code  Gb  daphne_hardware_config.o [1]
CLK_DeInit              0x00938a   0x41  Code  Gb  stm8l15x_clk.o [1]
CLK_GetClockFreq        0x008ccf   0x91  Code  Gb  stm8l15x_clk.o [1]
CLK_PeripheralClockConfig
                        0x008d60   0x8e  Code  Gb  stm8l15x_clk.o [1]
CLK_RTCClockConfig      0x009ba3    0xa  Code  Gb  stm8l15x_clk.o [1]
CLK_SYSCLKDivConfig     0x009bef    0x4  Code  Gb  stm8l15x_clk.o [1]
CSTACK$$Base            0x000700          --   Gb  - Linker created -
CSTACK$$Limit           0x000800          --   Gb  - Linker created -
DACBuffer               0x00008f    0x8  Data  Gb  daphne_utilities.o [1]
DAC_Cmd                 0x0097fa   0x1e  Code  Gb  stm8l15x_dac.o [1]
DAC_Config              0x009854   0x1c  Code  Gb  daphne_hardware_config.o [1]
DAC_DMACmd              0x009818   0x1e  Code  Gb  stm8l15x_dac.o [1]
DAC_DeInit              0x008f77   0x69  Code  Gb  stm8l15x_dac.o [1]
DAC_Init                0x009528   0x36  Code  Gb  stm8l15x_dac.o [1]
DMA1_Config             0x008afb   0xa8  Code  Gb  daphne_hardware_config.o [1]
DMA_Cmd                 0x009a7f   0x11  Code  Gb  stm8l15x_dma.o [1]
DMA_GlobalCmd           0x009ad1    0xe  Code  Gb  stm8l15x_dma.o [1]
DMA_GlobalDeInit        0x009bad    0x9  Code  Gb  stm8l15x_dma.o [1]
DMA_Init                0x008c3c   0x93  Code  Gb  stm8l15x_dma.o [1]
DeInitGPIO              0x00921e   0x51  Code  Lc  daphne_hardware_config.o [1]
GPIO_Config             0x0094bc   0x36  Code  Gb  daphne_hardware_config.o [1]
GPIO_Init               0x008dee   0x8e  Code  Gb  stm8l15x_gpio.o [1]
GPIO_ResetBits          0x009bbf    0x8  Code  Gb  stm8l15x_gpio.o [1]
GPIO_SetBits            0x009bcf    0x7  Code  Gb  stm8l15x_gpio.o [1]
I2C_AcknowledgeConfig   0x0098a6   0x1b  Code  Gb  stm8l15x_i2c.o [1]
I2C_CheckEvent          0x008fe0   0x68  Code  Gb  stm8l15x_i2c.o [1]
I2C_Cmd                 0x009a90   0x11  Code  Gb  stm8l15x_i2c.o [1]
I2C_DeInit              0x0095c8   0x31  Code  Gb  stm8l15x_i2c.o [1]
I2C_GenerateSTART       0x009870   0x1b  Code  Gb  stm8l15x_i2c.o [1]
I2C_GenerateSTOP        0x00988b   0x1b  Code  Gb  stm8l15x_i2c.o [1]
I2C_GetFlagStatus       0x00926f   0x4a  Code  Gb  stm8l15x_i2c.o [1]
I2C_Init                0x008080  0x1b1  Code  Gb  stm8l15x_i2c.o [1]
I2C_ReceiveData         0x009be1    0x5  Code  Gb  stm8l15x_i2c.o [1]
I2C_Send7bitAddress     0x009a4a   0x12  Code  Gb  stm8l15x_i2c.o [1]
I2C_SendData            0x009bc7    0x8  Code  Gb  stm8l15x_i2c.o [1]
INTVEC$$Base            0x008000          --   Gb  - Linker created -
INTVEC$$Limit           0x008080          --   Gb  - Linker created -
InitializeBuffer        0x0099e3   0x16  Code  Gb  M24LR04E-R_User.o [1]
M24LR04E_DeInit         0x009beb    0x4  Code  Gb  M24LR04E-R_I2C.o [1]
M24LR04E_Init           0x00967d   0x2b  Code  Gb  M24LR04E-R_I2C.o [1]
M24LR04E_LowLevel_DeInit
                        0x0095f9   0x2d  Code  Lc  M24LR04E-R_I2C.o [1]
M24LR04E_LowLevel_Init  0x009b99    0xa  Code  Lc  M24LR04E-R_I2C.o [1]
M24LR04E_ReadBuffer     0x008231  0x1a3  Code  Gb  M24LR04E-R_I2C.o [1]
M24LR04E_ReadOneByte    0x0083d4  0x188  Code  Gb  M24LR04E-R_I2C.o [1]
NDEFmessage             0x00002b   0x40  Data  Gb  daphne_utilities.o [1]
PWR_Config              0x009b8f    0xa  Code  Gb  daphne_hardware_config.o [1]
PWR_FastWakeUpCmd       0x009adf    0xe  Code  Gb  stm8l15x_pwr.o [1]
PWR_UltraLowPowerCmd    0x009aed    0xe  Code  Gb  stm8l15x_pwr.o [1]
RTC_ClearITPendingBit   0x009b83    0xc  Code  Gb  stm8l15x_rtc.o [1]
RTC_Config              0x009786   0x21  Code  Gb  daphne_hardware_config.o [1]
RTC_IRQHandler          0x008e7c   0x7f  Code  Gb  stm8l15x_it.o [1]
RTC_IRQHandler::timer_val
                        0x0000a3    0x2  Data  Lc  stm8l15x_it.o [1]
RTC_ITConfig            0x009484   0x38  Code  Gb  stm8l15x_rtc.o [1]
RTC_RatioCmd            0x009963   0x1a  Code  Gb  stm8l15x_rtc.o [1]
RTC_SetWakeUpCounter    0x0099f9   0x16  Code  Gb  stm8l15x_rtc.o [1]
RTC_WakeUpClockConfig   0x0097da   0x20  Code  Gb  stm8l15x_rtc.o [1]
RTC_WakeUpCmd           0x009447   0x3d  Code  Gb  stm8l15x_rtc.o [1]
RTC_WriteProtectionCmd  0x009a5c   0x12  Code  Gb  stm8l15x_rtc.o [1]
Region$$Table$$Base     0x0097c8          --   Gb  - Linker created -
Region$$Table$$Limit    0x0097da          --   Gb  - Linker created -
SYSDivFactor            0x009bdc    0x5  Data  Gb  stm8l15x_clk.o [1]
TI1Buffer               0x00007f    0x8  Data  Gb  daphne_utilities.o [1]
TI2Buffer               0x000087    0x8  Data  Gb  daphne_utilities.o [1]
TIM1_ARRPreloadConfig   0x009b17    0xe  Code  Gb  stm8l15x_tim1.o [1]
TIM1_Cmd                0x009afb    0xe  Code  Gb  stm8l15x_tim1.o [1]
TIM1_Config             0x0093cb   0x3f  Code  Gb  daphne_hardware_config.o [1]
TIM1_CtrlPWMOutputs     0x009b09    0xe  Code  Gb  stm8l15x_tim1.o [1]
TIM1_DMACmd             0x00997d   0x1a  Code  Gb  stm8l15x_tim1.o [1]
TIM1_DeInit             0x008ba3   0x99  Code  Gb  stm8l15x_tim1.o [1]
TIM1_OC1Init            0x009048   0x66  Code  Gb  stm8l15x_tim1.o [1]
TIM1_SelectOutputTrigger
                        0x009b5d    0xd  Code  Gb  stm8l15x_tim1.o [1]
TIM1_TimeBaseInit       0x00973e   0x24  Code  Gb  stm8l15x_tim1.o [1]
TIM2_ClearITPendingBit  0x009bb6    0x9  Code  Gb  stm8l15x_tim2.o [1]
TIM2_Cmd                0x009b25    0xe  Code  Gb  stm8l15x_tim2.o [1]
TIM2_Config             0x0094f2   0x36  Code  Gb  daphne_hardware_config.o [1]
TIM2_CtrlPWMOutputs     0x009b33    0xe  Code  Gb  stm8l15x_tim2.o [1]
TIM2_DMACmd             0x0099b1   0x1a  Code  Gb  stm8l15x_tim2.o [1]
TIM2_DeInit             0x0090ae   0x65  Code  Gb  stm8l15x_tim2.o [1]
TIM2_ITConfig           0x009997   0x1a  Code  Gb  stm8l15x_tim2.o [1]
TIM2_OC1Init            0x0091c7   0x57  Code  Gb  stm8l15x_tim2.o [1]
TIM2_OC1PreloadConfig   0x009b41    0xe  Code  Gb  stm8l15x_tim2.o [1]
TIM2_SelectInputTrigger
                        0x0098c1   0x1b  Code  Gb  stm8l15x_tim2.o [1]
TIM2_SelectSlaveMode    0x0098dc   0x1b  Code  Gb  stm8l15x_tim2.o [1]
TIM2_TimeBaseInit       0x009762   0x24  Code  Gb  stm8l15x_tim2.o [1]
TIM2_UPD_OVF_TRG_BRK_IRQHandler
                        0x009594   0x34  Code  Gb  stm8l15x_it.o [1]
TIM4_Cmd                0x009b4f    0xe  Code  Gb  stm8l15x_tim4.o [1]
TIM4_Config             0x0096d0   0x25  Code  Gb  daphne_hardware_config.o [1]
TIM4_DeInit             0x0097a7   0x21  Code  Gb  stm8l15x_tim4.o [1]
TIM4_SelectInputTrigger
                        0x009912   0x1b  Code  Gb  stm8l15x_tim4.o [1]
TIM4_SelectOnePulseMode
                        0x009ac2    0xf  Code  Gb  stm8l15x_tim4.o [1]
TIM4_SelectOutputTrigger
                        0x0098f7   0x1b  Code  Gb  stm8l15x_tim4.o [1]
TIM4_SelectSlaveMode    0x00992d   0x1b  Code  Gb  stm8l15x_tim4.o [1]
TIM4_TimeBaseInit       0x009aa1   0x11  Code  Gb  stm8l15x_tim4.o [1]
User_CheckNDEFMessage   0x009345   0x45  Code  Gb  M24LR04E-R_User.o [1]
User_GetNDEFMessage     0x009626   0x2c  Code  Gb  M24LR04E-R_User.o [1]
User_GetPayloadLength   0x00971a   0x24  Code  Gb  M24LR04E-R_User.o [1]
User_ReadNDEFMessage    0x008efb   0x7c  Code  Gb  M24LR04E-R_User.o [1]
__DebugBreak            0x009bff    0x1  Code  Gb  __dbg_break.o [3]
__exit                  0x009a23   0x14  Code  Gb  __dbg_xxexit.o [3]
__iar_copy_init2        0x0096a8         Code  Gb  init_small.o [4]
__iar_data_init2        0x009a0f   0x14  Code  Gb  init.o [4]
__iar_program_start     0x009a37         Code  Gb  cstartup.o [4]
__iar_unhandled_exception
                        0x009bfc         Code  Gb  unhandled_exception.o [4]
__iar_zero_init2        0x009836         Code  Gb  init_small.o [4]
__intvec                0x008000         Data  Gb  interrupt.o [4]
__low_level_init        0x009bf6    0x3  Code  Gb  low_level_init.o [4]
_exit                   0x009be6         Code  Gb  cexit.o [4]
_interrupt_21           0x009594         Code  Gb  stm8l15x_it.o [1]
_interrupt_6            0x008e7c         Code  Gb  stm8l15x_it.o [1]
breath_period           0x00009f    0x2  Data  Gb  daphne_utilities.o [1]
breathing_rate          0x000018    0x4  Data  Gb  daphne_utilities.o [1]
check_data              0x00916e   0x59  Code  Gb  daphne_utilities.o [1]
daphne                  0x0000a5    0x1  Data  Gb  main.o [1]
data                    0x00006b   0x14  Data  Lc  daphne_utilities.o [1]
end_timer               0x0000a1    0x2  Data  Gb  stm8l15x_it.o [1]
exit                    0x009bf9    0x3  Code  Gb  exit.o [4]
fetch_data              0x009b77    0xc  Code  Gb  daphne_utilities.o [1]
get_new_settings        0x0099cb   0x18  Code  Gb  daphne_utilities.o [1]
initialize              0x009113   0x5b  Code  Gb  daphne_utilities.o [1]
inspiratory_time        0x00001c    0x4  Data  Gb  daphne_utilities.o [1]
interpulse_interval     0x000020    0x4  Data  Gb  daphne_utilities.o [1]
isdigit                 0x009ab2   0x10  Code  Gb  isdigit.o [4]
limit_data              0x0086d3  0x169  Code  Gb  daphne_utilities.o [1]
main                    0x009a6e   0x11  Code  Gb  main.o [1]
one_period              0x000097    0x4  Data  Gb  daphne_utilities.o [1]
parse_data              0x008a33   0xc8  Code  Gb  daphne_utilities.o [1]
pulse_amplitude         0x000014    0x4  Data  Gb  daphne_utilities.o [1]
pulse_width             0x000010    0x4  Data  Gb  daphne_utilities.o [1]
sentMail                0x000024    0x7  Data  Gb  daphne_utilities.o [1]
start_Expiration        0x009652   0x2b  Code  Gb  daphne_fsm_functions.o [1]
start_Inspiration       0x00940a   0x3d  Code  Gb  daphne_fsm_functions.o [1]
time_ex                 0x00009d    0x2  Data  Gb  daphne_utilities.o [1]
time_in                 0x00009b    0x2  Data  Gb  daphne_utilities.o [1]
update                  0x008954   0xdf  Code  Gb  daphne_utilities.o [1]


[1] = \\.psf\Home\Documents\GitHub\DAPhNe-Stimulator-System\MCU\Project\EWSTM8\Debug\Obj
[2] = command line
[3] = dbgstm8ssd.a
[4] = dlstm8ssn.a

  6 984 bytes of readonly  code memory
    184 bytes of readonly  data memory
    422 bytes of readwrite data memory

Errors: none
Warnings: none
