###############################################################################
#
# IAR ELF Linker V2.20.1.176 for STM8                     10/Sep/2017  17:38:14
# Copyright 2010-2015 IAR Systems AB.
#
#    Output file  =  
#        C:\Users\Alexey
#        Revinski\Documents\SENIOR\Repo\BME390\MCU\Project\EWSTM8\Debug\Exe\project.out
#    Map file     =  
#        C:\Users\Alexey
#        Revinski\Documents\SENIOR\Repo\BME390\MCU\Project\EWSTM8\Debug\List\project.map
#    Command line =  
#        "C:\Users\Alexey
#        Revinski\Documents\SENIOR\Repo\BME390\MCU\Project\EWSTM8\Debug\Obj\daphne_fsm_functions.o"
#        "C:\Users\Alexey
#        Revinski\Documents\SENIOR\Repo\BME390\MCU\Project\EWSTM8\Debug\Obj\daphne_hardware_config.o"
#        "C:\Users\Alexey
#        Revinski\Documents\SENIOR\Repo\BME390\MCU\Project\EWSTM8\Debug\Obj\daphne_utilities.o"
#        "C:\Users\Alexey
#        Revinski\Documents\SENIOR\Repo\BME390\MCU\Project\EWSTM8\Debug\Obj\eeprom.o"
#        "C:\Users\Alexey
#        Revinski\Documents\SENIOR\Repo\BME390\MCU\Project\EWSTM8\Debug\Obj\M24LR04E-R_I2C.o"
#        "C:\Users\Alexey
#        Revinski\Documents\SENIOR\Repo\BME390\MCU\Project\EWSTM8\Debug\Obj\M24LR04E-R_User.o"
#        "C:\Users\Alexey
#        Revinski\Documents\SENIOR\Repo\BME390\MCU\Project\EWSTM8\Debug\Obj\main.o"
#        "C:\Users\Alexey
#        Revinski\Documents\SENIOR\Repo\BME390\MCU\Project\EWSTM8\Debug\Obj\stm8l15x_adc.o"
#        "C:\Users\Alexey
#        Revinski\Documents\SENIOR\Repo\BME390\MCU\Project\EWSTM8\Debug\Obj\stm8l15x_clk.o"
#        "C:\Users\Alexey
#        Revinski\Documents\SENIOR\Repo\BME390\MCU\Project\EWSTM8\Debug\Obj\stm8l15x_dac.o"
#        "C:\Users\Alexey
#        Revinski\Documents\SENIOR\Repo\BME390\MCU\Project\EWSTM8\Debug\Obj\stm8l15x_dma.o"
#        "C:\Users\Alexey
#        Revinski\Documents\SENIOR\Repo\BME390\MCU\Project\EWSTM8\Debug\Obj\stm8l15x_flash.o"
#        "C:\Users\Alexey
#        Revinski\Documents\SENIOR\Repo\BME390\MCU\Project\EWSTM8\Debug\Obj\stm8l15x_gpio.o"
#        "C:\Users\Alexey
#        Revinski\Documents\SENIOR\Repo\BME390\MCU\Project\EWSTM8\Debug\Obj\stm8l15x_i2c.o"
#        "C:\Users\Alexey
#        Revinski\Documents\SENIOR\Repo\BME390\MCU\Project\EWSTM8\Debug\Obj\stm8l15x_it.o"
#        "C:\Users\Alexey
#        Revinski\Documents\SENIOR\Repo\BME390\MCU\Project\EWSTM8\Debug\Obj\stm8l15x_iwdg.o"
#        "C:\Users\Alexey
#        Revinski\Documents\SENIOR\Repo\BME390\MCU\Project\EWSTM8\Debug\Obj\stm8l15x_pwr.o"
#        "C:\Users\Alexey
#        Revinski\Documents\SENIOR\Repo\BME390\MCU\Project\EWSTM8\Debug\Obj\stm8l15x_rtc.o"
#        "C:\Users\Alexey
#        Revinski\Documents\SENIOR\Repo\BME390\MCU\Project\EWSTM8\Debug\Obj\stm8l15x_tim1.o"
#        "C:\Users\Alexey
#        Revinski\Documents\SENIOR\Repo\BME390\MCU\Project\EWSTM8\Debug\Obj\stm8l15x_tim2.o"
#        "C:\Users\Alexey
#        Revinski\Documents\SENIOR\Repo\BME390\MCU\Project\EWSTM8\Debug\Obj\stm8l15x_tim4.o"
#        "C:\Users\Alexey
#        Revinski\Documents\SENIOR\Repo\BME390\MCU\Project\EWSTM8\Debug\Obj\stm8l15x_wwdg.o"
#        --redirect _Printf=_PrintfSmall --redirect _Scanf=_ScanfSmall -f
#        "C:\Program Files (x86)\IAR Systems\Embedded Workbench
#        7.3\stm8\config\math_small.xcl" (--redirect cos=__iar_cos_small
#        --redirect cosf=__iar_cos_smallf --redirect cosl=__iar_cos_smalll
#        --redirect exp=__iar_exp_small --redirect expf=__iar_exp_smallf
#        --redirect expl=__iar_exp_smalll --redirect log10=__iar_log10_small
#        --redirect log10f=__iar_log10_smallf --redirect
#        log10l=__iar_log10_smalll --redirect log2=__iar_log2_small --redirect
#        log2f=__iar_log2_smallf --redirect log2l=__iar_log2_smalll --redirect
#        log=__iar_log_small --redirect logf=__iar_log_smallf --redirect
#        logl=__iar_log_smalll --redirect pow=__iar_pow_small --redirect
#        powf=__iar_pow_smallf --redirect powl=__iar_pow_smalll --redirect
#        sin=__iar_sin_small --redirect sinf=__iar_sin_smallf --redirect
#        sinl=__iar_sin_smalll --redirect tan=__iar_tan_small --redirect
#        tanf=__iar_tan_smallf --redirect tanl=__iar_tan_smalll --redirect
#        __iar_Sin=__iar_Sin_small --redirect __iar_Log=__iar_Log_small) -o
#        "C:\Users\Alexey
#        Revinski\Documents\SENIOR\Repo\BME390\MCU\Project\EWSTM8\Debug\Exe\project.out"
#        --map "C:\Users\Alexey
#        Revinski\Documents\SENIOR\Repo\BME390\MCU\Project\EWSTM8\Debug\List\project.map"
#        --config "C:\Program Files (x86)\IAR Systems\Embedded Workbench
#        7.3\stm8\config\lnkstm8l152c6.icf" --config_def _CSTACK_SIZE=0x100
#        --config_def _HEAP_SIZE=0x300 --entry __iar_program_start --debug_lib
#
###############################################################################

*******************************************************************************
*** RUNTIME MODEL ATTRIBUTES
***

__SystemLibrary            = DLib
__code_model               = small
__core                     = stm8
__data_model               = small
__dlib_file_descriptor     = 0
__dlib_full_locale_support = 0
__rt_version               = 4


*******************************************************************************
*** PLACEMENT SUMMARY
***

"A1":  place at start of [0x000000-0x0000ff] { rw section .vregs };
"P1":  place in [from 0x000000 to 0x0000ff] {
          rw section .tiny.bss, rw section .tiny.data, rw section .tiny.noinit,
          rw section .tiny.rodata };
"A2":  place at end of [0x000000-0x0007ff] { block CSTACK };
"A3":  place at start of [0x008000-0x00ffff] { block INTVEC };
"P3":  place in [from 0x008000 to 0x00ffff] {
          ro section __DLIB_PERTHREAD_init, ro section .far.data_init,
          ro section .far_func.textrw_init, ro section .huge.data_init,
          ro section .huge_func.textrw_init, ro section .iar.init_table,
          ro section .init_array, ro section .near.data_init,
          ro section .near.rodata, ro section .near_func.text,
          ro section .near_func.textrw_init, ro section .tiny.data_init,
          ro section .tiny.rodata_init };

  Section            Kind      Address    Size  Object
  -------            ----      -------    ----  ------
"A1":                                     0x10
  .vregs             uninit   0x000000    0x10  vregs.o [4]
                            - 0x000010    0x10

"P1", part 1 of 2:                        0x1b
  P1-1                        0x000010    0x1b  <Init block>
    .tiny.data       inited   0x000010     0x4  daphne_utilities.o [1]
    .tiny.data       inited   0x000014     0x4  daphne_utilities.o [1]
    .tiny.data       inited   0x000018     0x4  daphne_utilities.o [1]
    .tiny.data       inited   0x00001c     0x4  daphne_utilities.o [1]
    .tiny.data       inited   0x000020     0x4  daphne_utilities.o [1]
    .tiny.data       inited   0x000024     0x7  daphne_utilities.o [1]
                            - 0x00002b    0x1b

"P1", part 2 of 2:                        0x7b
  .tiny.bss          zero     0x00002b    0x40  daphne_utilities.o [1]
  .tiny.bss          zero     0x00006b    0x14  daphne_utilities.o [1]
  .tiny.bss          zero     0x00007f     0x8  daphne_utilities.o [1]
  .tiny.bss          zero     0x000087     0x8  daphne_utilities.o [1]
  .tiny.bss          zero     0x00008f     0x8  daphne_utilities.o [1]
  .tiny.bss          zero     0x000097     0x4  daphne_utilities.o [1]
  .tiny.bss          zero     0x00009b     0x2  daphne_utilities.o [1]
  .tiny.bss          zero     0x00009d     0x2  daphne_utilities.o [1]
  .tiny.bss          zero     0x00009f     0x2  daphne_utilities.o [1]
  .tiny.bss          zero     0x0000a1     0x2  stm8l15x_it.o [1]
  .tiny.bss          zero     0x0000a3     0x2  stm8l15x_it.o [1]
  .tiny.bss          zero     0x0000a5     0x1  main.o [1]
                            - 0x0000a6    0x7b

"A2":                                    0x100
  CSTACK                      0x000700   0x100  <Block>
    CSTACK           uninit   0x000700   0x100  <Block tail>
                            - 0x000800   0x100

"A3":                                     0x80
  INTVEC                      0x008000    0x80  <Block>
    .intvec          const    0x008000    0x80  interrupt.o [4]
                            - 0x008080    0x80

"P3":                                   0x1c39
  .near_func.text    ro code  0x008080   0x1bb  stm8l15x_i2c.o [1]
  .near_func.text    ro code  0x00823b   0x1a9  M24LR04E-R_I2C.o [1]
  .near_func.text    ro code  0x0083e4   0x188  M24LR04E-R_I2C.o [1]
  .near_func.text    ro code  0x00856c   0x17d  daphne_utilities.o [1]
  .near_func.text    ro code  0x0086e9   0x177  long.o [4]
  .near_func.text    ro code  0x008860   0x118  vreg_util.o [4]
  .near_func.text    ro code  0x008978    0xdf  daphne_utilities.o [1]
  .near_func.text    ro code  0x008a57    0xcf  daphne_utilities.o [1]
  .near_func.text    ro code  0x008b26    0xaf  stm8l15x_gpio.o [1]
  .near_func.text    ro code  0x008bd5    0xa8  daphne_hardware_config.o [1]
  .near_func.text    ro code  0x008c7d    0x99  stm8l15x_tim1.o [1]
  .near_func.text    ro code  0x008d16    0x93  stm8l15x_clk.o [1]
  .near_func.text    ro code  0x008da9    0x8e  stm8l15x_clk.o [1]
  .near_func.text    ro code  0x008e37    0x84  M24LR04E-R_User.o [1]
  .near_func.text    ro code  0x008ebb    0x7f  stm8l15x_dma.o [1]
  .near_func.text    ro code  0x008f3a    0x7f  stm8l15x_it.o [1]
  .near_func.text    ro code  0x008fb9    0x6e  stm8l15x_i2c.o [1]
  .near_func.text    ro code  0x009027    0x69  stm8l15x_dac.o [1]
  .near_func.text    ro code  0x009090    0x66  stm8l15x_tim1.o [1]
  .near_func.text    ro code  0x0090f6    0x65  stm8l15x_tim2.o [1]
  .near_func.text    ro code  0x00915b    0x61  daphne_utilities.o [1]
  .near_func.text    ro code  0x0091bc    0x5b  daphne_utilities.o [1]
  .near_func.text    ro code  0x009217    0x57  stm8l15x_tim2.o [1]
  .near_func.text    ro code  0x00926e    0x51  daphne_hardware_config.o [1]
  .near_func.text    ro code  0x0092bf    0x4c  stm8l15x_i2c.o [1]
  .near_func.text    ro code  0x00930b    0x4b  stm8l15x_i2c.o [1]
  .near_func.text    ro code  0x009356    0x47  short.o [4]
  .near_func.text    ro code  0x00939d    0x46  M24LR04E-R_User.o [1]
  .near_func.text    ro code  0x0093e3    0x45  daphne_hardware_config.o [1]
  .near_func.text    ro code  0x009428    0x41  stm8l15x_clk.o [1]
  .near_func.text    ro code  0x009469    0x40  stm8l15x_rtc.o [1]
  .near_func.text    ro code  0x0094a9    0x3f  daphne_hardware_config.o [1]
  .near_func.text    ro code  0x0094e8    0x3d  daphne_fsm_functions.o [1]
  .near_func.text    ro code  0x009525    0x38  stm8l15x_rtc.o [1]
  .near_func.text    ro code  0x00955d    0x36  daphne_hardware_config.o [1]
  .near_func.text    ro code  0x009593    0x36  daphne_hardware_config.o [1]
  .near_func.text    ro code  0x0095c9    0x36  stm8l15x_dac.o [1]
  .near_func.text    ro code  0x0095ff    0x36  long_util.o [4]
  .near_func.text    ro code  0x009635    0x34  stm8l15x_it.o [1]
  .near_func.text    ro code  0x009669    0x2d  M24LR04E-R_I2C.o [1]
  .near_func.text    ro code  0x009696    0x2c  M24LR04E-R_User.o [1]
  .near_func.text    ro code  0x0096c2    0x2b  daphne_fsm_functions.o [1]
  .near_func.text    ro code  0x0096ed    0x2b  M24LR04E-R_I2C.o [1]
  .near_func.text    ro code  0x009718    0x2b  stm8l15x_i2c.o [1]
  .near_func.text    ro code  0x009743    0x2b  stm8l15x_i2c.o [1]
  .near_func.text    ro code  0x00976e    0x2b  stm8l15x_i2c.o [1]
  .near_func.text    ro code  0x009799    0x28  init_small.o [4]
  .near_func.text    ro code  0x0097c1    0x25  daphne_hardware_config.o [1]
  .near_func.text    ro code  0x0097e6    0x25  M24LR04E-R_User.o [1]
  .near_func.text    ro code  0x00980b    0x25  dc_util.o [4]
  .near_func.text    ro code  0x009830    0x24  stm8l15x_tim1.o [1]
  .near_func.text    ro code  0x009854    0x24  stm8l15x_tim2.o [1]
  .near_func.text    ro code  0x009878    0x21  daphne_hardware_config.o [1]
  .near_func.text    ro code  0x009899    0x21  stm8l15x_tim4.o [1]
  .iar.init_table    const    0x0098ba    0x12  - Linker created -
  .near_func.text    ro code  0x0098cc    0x20  stm8l15x_rtc.o [1]
  .near_func.text    ro code  0x0098ec    0x1f  M24LR04E-R_User.o [1]
  .near_func.text    ro code  0x00990b    0x1e  stm8l15x_dac.o [1]
  .near_func.text    ro code  0x009929    0x1e  stm8l15x_dac.o [1]
  .near_func.text    ro code  0x009947    0x1e  stm8l15x_i2c.o [1]
  .near_func.text    ro code  0x009965    0x1e  init_small.o [4]
  .near_func.text    ro code  0x009983    0x1c  daphne_hardware_config.o [1]
  .near_func.text    ro code  0x00999f    0x1b  stm8l15x_tim2.o [1]
  .near_func.text    ro code  0x0099ba    0x1b  stm8l15x_tim2.o [1]
  .near_func.text    ro code  0x0099d5    0x1b  stm8l15x_tim4.o [1]
  .near_func.text    ro code  0x0099f0    0x1b  stm8l15x_tim4.o [1]
  .near_func.text    ro code  0x009a0b    0x1b  stm8l15x_tim4.o [1]
  Initializer bytes  const    0x009a26    0x1b  <for P1-1>
  .near_func.text    ro code  0x009a41    0x1a  stm8l15x_rtc.o [1]
  .near_func.text    ro code  0x009a5b    0x1a  stm8l15x_tim1.o [1]
  .near_func.text    ro code  0x009a75    0x1a  stm8l15x_tim2.o [1]
  .near_func.text    ro code  0x009a8f    0x1a  stm8l15x_tim2.o [1]
  .near_func.text    ro code  0x009aa9    0x18  daphne_utilities.o [1]
  .near_func.text    ro code  0x009ac1    0x17  init.o [4]
  .near_func.text    ro code  0x009ad8    0x16  stm8l15x_rtc.o [1]
  .near_func.text    ro code  0x009aee    0x14  __dbg_xxexit.o [3]
  .near_func.text    ro code  0x009b02    0x13  cstartup.o [4]
  .near_func.text    ro code  0x009b15    0x12  stm8l15x_rtc.o [1]
  .near_func.text    ro code  0x009b27    0x11  main.o [1]
  .near_func.text    ro code  0x009b38    0x11  stm8l15x_dma.o [1]
  .near_func.text    ro code  0x009b49    0x11  stm8l15x_i2c.o [1]
  .near_func.text    ro code  0x009b5a    0x11  stm8l15x_tim4.o [1]
  .near_func.text    ro code  0x009b6b    0x10  isdigit.o [4]
  .near_func.text    ro code  0x009b7b     0xf  stm8l15x_tim4.o [1]
  .near_func.text    ro code  0x009b8a     0xe  stm8l15x_dma.o [1]
  .near_func.text    ro code  0x009b98     0xe  stm8l15x_pwr.o [1]
  .near_func.text    ro code  0x009ba6     0xe  stm8l15x_pwr.o [1]
  .near_func.text    ro code  0x009bb4     0xe  stm8l15x_tim1.o [1]
  .near_func.text    ro code  0x009bc2     0xe  stm8l15x_tim1.o [1]
  .near_func.text    ro code  0x009bd0     0xe  stm8l15x_tim1.o [1]
  .near_func.text    ro code  0x009bde     0xe  stm8l15x_tim2.o [1]
  .near_func.text    ro code  0x009bec     0xe  stm8l15x_tim2.o [1]
  .near_func.text    ro code  0x009bfa     0xe  stm8l15x_tim2.o [1]
  .near_func.text    ro code  0x009c08     0xe  stm8l15x_tim4.o [1]
  .near_func.text    ro code  0x009c16     0xd  stm8l15x_tim1.o [1]
  .near_func.text    ro code  0x009c23     0xd  move.o [4]
  .near_func.text    ro code  0x009c30     0xc  daphne_utilities.o [1]
  .near_func.text    ro code  0x009c3c     0xc  stm8l15x_rtc.o [1]
  .near_func.text    ro code  0x009c48     0xa  daphne_hardware_config.o [1]
  .near_func.text    ro code  0x009c52     0xa  M24LR04E-R_I2C.o [1]
  .near_func.text    ro code  0x009c5c     0xa  stm8l15x_clk.o [1]
  .near_func.text    ro code  0x009c66     0x9  stm8l15x_dma.o [1]
  .near_func.text    ro code  0x009c6f     0x9  stm8l15x_tim2.o [1]
  .near_func.text    ro code  0x009c78     0x8  stm8l15x_gpio.o [1]
  .near_func.text    ro code  0x009c80     0x8  stm8l15x_i2c.o [1]
  .near_func.text    ro code  0x009c88     0x7  stm8l15x_gpio.o [1]
  .near.rodata       const    0x009c8f     0x6  daphne_utilities.o [1]
  .near.rodata       const    0x009c95     0x5  stm8l15x_clk.o [1]
  .near_func.text    ro code  0x009c9a     0x5  stm8l15x_i2c.o [1]
  .near_func.text    ro code  0x009c9f     0x5  cexit.o [4]
  .near_func.text    ro code  0x009ca4     0x4  M24LR04E-R_I2C.o [1]
  .near_func.text    ro code  0x009ca8     0x4  stm8l15x_clk.o [1]
  .near_func.text    ro code  0x009cac     0x3  interrupt.o [4]
  .near_func.text    ro code  0x009caf     0x3  low_level_init.o [4]
  .near_func.text    ro code  0x009cb2     0x3  exit.o [4]
  .near_func.text    ro code  0x009cb5     0x3  unhandled_exception.o [4]
  .near_func.text    ro code  0x009cb8     0x1  __dbg_break.o [3]
                            - 0x009cb9  0x1c39


*******************************************************************************
*** INIT TABLE
***

          Address   Size
          -------   ----
Zero (__iar_zero_init2)
    1 destination range, total size 0x7b:
          0x00002b  0x7b

Copy (__iar_copy_init2)
    1 source range, total size 0x1b:
          0x009a26  0x1b
    1 destination range, total size 0x1b:
          0x000010  0x1b



*******************************************************************************
*** MODULE SUMMARY
***

    Module                    ro code  ro data  rw data
    ------                    -------  -------  -------
C:\Users\Alexey Revinski\Documents\SENIOR\Repo\BME390\MCU\Project\EWSTM8\Debug\Obj: [1]
    M24LR04E-R_I2C.o              919
    M24LR04E-R_User.o             314
    daphne_fsm_functions.o        104
    daphne_hardware_config.o      597
    daphne_utilities.o          1 035       33      145
    main.o                         17                 1
    stm8l15x_clk.o                368        5
    stm8l15x_dac.o                219
    stm8l15x_dma.o                167
    stm8l15x_gpio.o               190
    stm8l15x_i2c.o                893
    stm8l15x_it.o                 179                 4
    stm8l15x_pwr.o                 28
    stm8l15x_rtc.o                230
    stm8l15x_tim1.o               372
    stm8l15x_tim2.o               381
    stm8l15x_tim4.o               160
    ---------------------------------------------------
    Total:                      6 173       38      150

command line: [2]
    ---------------------------------------------------
    Total:

dbgstm8ssd.a: [3]
    __dbg_break.o                   1
    __dbg_xxexit.o                 20
    ---------------------------------------------------
    Total:                         21

dlstm8ssn.a: [4]
    cexit.o                         5
    cstartup.o                     19
    dc_util.o                      37
    exit.o                          3
    init.o                         23
    init_small.o                   70
    interrupt.o                     3      128
    isdigit.o                      16
    long.o                        375
    long_util.o                    54
    low_level_init.o                3
    move.o                         13
    short.o                        71
    unhandled_exception.o           3
    vreg_util.o                   280
    vregs.o                                          16
    ---------------------------------------------------
    Total:                        975      128       16

    Linker created                          18      256
-------------------------------------------------------
    Grand Total:                7 169      184      422


*******************************************************************************
*** ENTRY LIST
***

Entry                    Address   Size  Type      Object
-----                    -------   ----  ----      ------
.iar.init_table$$Base   0x0098ba          --   Gb  - Linker created -
.iar.init_table$$Limit  0x0098cc          --   Gb  - Linker created -
?add32_l0_l0_0x         0x008705         Code  Gb  long.o [4]
?add32_l0_l0_l1         0x008702         Code  Gb  long.o [4]
?b0                     0x000000         Data  Gb  vregs.o [4]
?b1                     0x000001         Data  Gb  vregs.o [4]
?b10                    0x00000a         Data  Gb  vregs.o [4]
?b11                    0x00000b         Data  Gb  vregs.o [4]
?b12                    0x00000c         Data  Gb  vregs.o [4]
?b13                    0x00000d         Data  Gb  vregs.o [4]
?b14                    0x00000e         Data  Gb  vregs.o [4]
?b15                    0x00000f         Data  Gb  vregs.o [4]
?b2                     0x000002         Data  Gb  vregs.o [4]
?b3                     0x000003         Data  Gb  vregs.o [4]
?b4                     0x000004         Data  Gb  vregs.o [4]
?b5                     0x000005         Data  Gb  vregs.o [4]
?b6                     0x000006         Data  Gb  vregs.o [4]
?b7                     0x000007         Data  Gb  vregs.o [4]
?b8                     0x000008         Data  Gb  vregs.o [4]
?b9                     0x000009         Data  Gb  vregs.o [4]
?dc32_l0                0x00980b         Code  Gb  dc_util.o [4]
?dc32_l1                0x009818         Code  Gb  dc_util.o [4]
?dc32_px                0x009825         Code  Gb  dc_util.o [4]
?dec32_0x_0x            0x0086ee         Code  Gb  long.o [4]
?dec32_l2_l2            0x0086e9         Code  Gb  long.o [4]
?e0                     0x000001         Data  Gb  vregs.o [4]
?e1                     0x000005         Data  Gb  vregs.o [4]
?e2                     0x000009         Data  Gb  vregs.o [4]
?e3                     0x00000d         Data  Gb  vregs.o [4]
?epilogue_l2            0x008907         Code  Gb  vreg_util.o [4]
?epilogue_l2_l3         0x008904         Code  Gb  vreg_util.o [4]
?epilogue_l2_w6         0x00890b         Code  Gb  vreg_util.o [4]
?epilogue_w4            0x008912         Code  Gb  vreg_util.o [4]
?l0                     0x000000         Data  Gb  vregs.o [4]
?l1                     0x000004         Data  Gb  vregs.o [4]
?l2                     0x000008         Data  Gb  vregs.o [4]
?l3                     0x00000c         Data  Gb  vregs.o [4]
?load32_0x_l0           0x009627         Code  Gb  long_util.o [4]
?load32_l0_0x           0x00960f         Code  Gb  long_util.o [4]
?load32_l0_asp          0x009604         Code  Gb  long_util.o [4]
?load32_l0_dbsp         0x0095ff         Code  Gb  long_util.o [4]
?load32_l0_xsp          0x009606         Code  Gb  long_util.o [4]
?load32_l1_0x           0x00961b         Code  Gb  long_util.o [4]
?mov_e0_e1              0x008920         Code  Gb  vreg_util.o [4]
?mov_e0_e2              0x00892d         Code  Gb  vreg_util.o [4]
?mov_e0_e3              0x00893a         Code  Gb  vreg_util.o [4]
?mov_e1_e0              0x008947         Code  Gb  vreg_util.o [4]
?mov_e1_e3              0x008954         Code  Gb  vreg_util.o [4]
?mov_e2_e0              0x008961         Code  Gb  vreg_util.o [4]
?mov_e3_e0              0x00896e         Code  Gb  vreg_util.o [4]
?mov_l0_l1              0x00891d         Code  Gb  vreg_util.o [4]
?mov_l0_l2              0x00892a         Code  Gb  vreg_util.o [4]
?mov_l0_l3              0x008937         Code  Gb  vreg_util.o [4]
?mov_l1_l0              0x008944         Code  Gb  vreg_util.o [4]
?mov_l1_l3              0x008951         Code  Gb  vreg_util.o [4]
?mov_l2_l0              0x00895e         Code  Gb  vreg_util.o [4]
?mov_l3_l0              0x00896b         Code  Gb  vreg_util.o [4]
?mov_w1_w3              0x008923         Code  Gb  vreg_util.o [4]
?mov_w1_w5              0x008930         Code  Gb  vreg_util.o [4]
?mov_w1_w7              0x00893d         Code  Gb  vreg_util.o [4]
?mov_w3_w1              0x00894a         Code  Gb  vreg_util.o [4]
?mov_w3_w7              0x008957         Code  Gb  vreg_util.o [4]
?mov_w4_w1              0x008916         Code  Gb  vreg_util.o [4]
?mov_w5_w1              0x008964         Code  Gb  vreg_util.o [4]
?mov_w7_w1              0x008971         Code  Gb  vreg_util.o [4]
?move1616_v_x_y_a       0x009c23         Code  Gb  move.o [4]
?mul16_x_x_w0           0x009356         Code  Gb  short.o [4]
?mul32_l0_l0_0x         0x008720         Code  Gb  long.o [4]
?mul32_l0_l0_dl         0x00871d         Code  Gb  long.o [4]
?mul32_l0_l0_l1         0x008729         Code  Gb  long.o [4]
?pop_l0                 0x0088d0         Code  Gb  vreg_util.o [4]
?pop_l1                 0x0088db         Code  Gb  vreg_util.o [4]
?pop_l2                 0x0088e6         Code  Gb  vreg_util.o [4]
?pop_l3                 0x0088f1         Code  Gb  vreg_util.o [4]
?pop_w4                 0x008882         Code  Gb  vreg_util.o [4]
?pop_w6                 0x008889         Code  Gb  vreg_util.o [4]
?pop_w7                 0x008890         Code  Gb  vreg_util.o [4]
?push_l0                0x00889f         Code  Gb  vreg_util.o [4]
?push_l1                0x0088a4         Code  Gb  vreg_util.o [4]
?push_l2                0x0088a9         Code  Gb  vreg_util.o [4]
?push_l3                0x0088ae         Code  Gb  vreg_util.o [4]
?push_w4                0x008860         Code  Gb  vreg_util.o [4]
?push_w6                0x008865         Code  Gb  vreg_util.o [4]
?push_w7                0x00886a         Code  Gb  vreg_util.o [4]
?scmp32_c_l0_l1         0x00881c         Code  Gb  long.o [4]
?sdiv16_x_x_y           0x009374         Code  Gb  short.o [4]
?sext32_l0_x            0x008855         Code  Gb  long.o [4]
?sll16_x_x_a            0x00938d         Code  Gb  short.o [4]
?sll32_0x_0x_a          0x008836         Code  Gb  long.o [4]
?sll32_l0_l0_a          0x008833         Code  Gb  long.o [4]
?srl16_x_x_4            0x009398         Code  Gb  short.o [4]
?srl16_x_x_5            0x009397         Code  Gb  short.o [4]
?srl16_x_x_6            0x009396         Code  Gb  short.o [4]
?srl16_x_x_7            0x009395         Code  Gb  short.o [4]
?srl32_0x_0x_a          0x008847         Code  Gb  long.o [4]
?srl32_l0_l0_a          0x008844         Code  Gb  long.o [4]
?udiv32_l0_dl_l1        0x0087a7         Code  Gb  long.o [4]
?udiv32_l0_l0_dl        0x0087ac         Code  Gb  long.o [4]
?udiv32_l0_l0_l1        0x0087af         Code  Gb  long.o [4]
?umod32_l1_l0_l1        0x0087af         Code  Gb  long.o [4]
?w0                     0x000000         Data  Gb  vregs.o [4]
?w1                     0x000002         Data  Gb  vregs.o [4]
?w2                     0x000004         Data  Gb  vregs.o [4]
?w3                     0x000006         Data  Gb  vregs.o [4]
?w4                     0x000008         Data  Gb  vregs.o [4]
?w5                     0x00000a         Data  Gb  vregs.o [4]
?w6                     0x00000c         Data  Gb  vregs.o [4]
?w7                     0x00000e         Data  Gb  vregs.o [4]
CLK_Config              0x0093e3   0x45  Code  Gb  daphne_hardware_config.o [1]
CLK_DeInit              0x009428   0x41  Code  Gb  stm8l15x_clk.o [1]
CLK_GetClockFreq        0x008d16   0x93  Code  Gb  stm8l15x_clk.o [1]
CLK_PeripheralClockConfig
                        0x008da9   0x8e  Code  Gb  stm8l15x_clk.o [1]
CLK_RTCClockConfig      0x009c5c    0xa  Code  Gb  stm8l15x_clk.o [1]
CLK_SYSCLKDivConfig     0x009ca8    0x4  Code  Gb  stm8l15x_clk.o [1]
CSTACK$$Base            0x000700          --   Gb  - Linker created -
CSTACK$$Limit           0x000800          --   Gb  - Linker created -
DACBuffer               0x00008f    0x8  Data  Gb  daphne_utilities.o [1]
DAC_Cmd                 0x00990b   0x1e  Code  Gb  stm8l15x_dac.o [1]
DAC_Config              0x009983   0x1c  Code  Gb  daphne_hardware_config.o [1]
DAC_DMACmd              0x009929   0x1e  Code  Gb  stm8l15x_dac.o [1]
DAC_DeInit              0x009027   0x69  Code  Gb  stm8l15x_dac.o [1]
DAC_Init                0x0095c9   0x36  Code  Gb  stm8l15x_dac.o [1]
DMA1_Config             0x008bd5   0xa8  Code  Gb  daphne_hardware_config.o [1]
DMA_Cmd                 0x009b38   0x11  Code  Gb  stm8l15x_dma.o [1]
DMA_GlobalCmd           0x009b8a    0xe  Code  Gb  stm8l15x_dma.o [1]
DMA_GlobalDeInit        0x009c66    0x9  Code  Gb  stm8l15x_dma.o [1]
DMA_Init                0x008ebb   0x7f  Code  Gb  stm8l15x_dma.o [1]
DeInitGPIO              0x00926e   0x51  Code  Lc  daphne_hardware_config.o [1]
GPIO_Config             0x00955d   0x36  Code  Gb  daphne_hardware_config.o [1]
GPIO_Init               0x008b26   0xaf  Code  Gb  stm8l15x_gpio.o [1]
GPIO_ResetBits          0x009c78    0x8  Code  Gb  stm8l15x_gpio.o [1]
GPIO_SetBits            0x009c88    0x7  Code  Gb  stm8l15x_gpio.o [1]
I2C_AcknowledgeConfig   0x00976e   0x2b  Code  Gb  stm8l15x_i2c.o [1]
I2C_CheckEvent          0x008fb9   0x6e  Code  Gb  stm8l15x_i2c.o [1]
I2C_Cmd                 0x009b49   0x11  Code  Gb  stm8l15x_i2c.o [1]
I2C_DeInit              0x0092bf   0x4c  Code  Gb  stm8l15x_i2c.o [1]
I2C_GenerateSTART       0x009718   0x2b  Code  Gb  stm8l15x_i2c.o [1]
I2C_GenerateSTOP        0x009743   0x2b  Code  Gb  stm8l15x_i2c.o [1]
I2C_GetFlagStatus       0x00930b   0x4b  Code  Gb  stm8l15x_i2c.o [1]
I2C_Init                0x008080  0x1bb  Code  Gb  stm8l15x_i2c.o [1]
I2C_ReceiveData         0x009c9a    0x5  Code  Gb  stm8l15x_i2c.o [1]
I2C_Send7bitAddress     0x009947   0x1e  Code  Gb  stm8l15x_i2c.o [1]
I2C_SendData            0x009c80    0x8  Code  Gb  stm8l15x_i2c.o [1]
INTVEC$$Base            0x008000          --   Gb  - Linker created -
INTVEC$$Limit           0x008080          --   Gb  - Linker created -
InitializeBuffer        0x0098ec   0x1f  Code  Gb  M24LR04E-R_User.o [1]
M24LR04E_DeInit         0x009ca4    0x4  Code  Gb  M24LR04E-R_I2C.o [1]
M24LR04E_Init           0x0096ed   0x2b  Code  Gb  M24LR04E-R_I2C.o [1]
M24LR04E_LowLevel_DeInit
                        0x009669   0x2d  Code  Lc  M24LR04E-R_I2C.o [1]
M24LR04E_LowLevel_Init  0x009c52    0xa  Code  Lc  M24LR04E-R_I2C.o [1]
M24LR04E_ReadBuffer     0x00823b  0x1a9  Code  Gb  M24LR04E-R_I2C.o [1]
M24LR04E_ReadOneByte    0x0083e4  0x188  Code  Gb  M24LR04E-R_I2C.o [1]
NDEFmessage             0x00002b   0x40  Data  Gb  daphne_utilities.o [1]
PWR_Config              0x009c48    0xa  Code  Gb  daphne_hardware_config.o [1]
PWR_FastWakeUpCmd       0x009b98    0xe  Code  Gb  stm8l15x_pwr.o [1]
PWR_UltraLowPowerCmd    0x009ba6    0xe  Code  Gb  stm8l15x_pwr.o [1]
RTC_ClearITPendingBit   0x009c3c    0xc  Code  Gb  stm8l15x_rtc.o [1]
RTC_Config              0x009878   0x21  Code  Gb  daphne_hardware_config.o [1]
RTC_IRQHandler          0x008f3a   0x7f  Code  Gb  stm8l15x_it.o [1]
RTC_ITConfig            0x009525   0x38  Code  Gb  stm8l15x_rtc.o [1]
RTC_RatioCmd            0x009a41   0x1a  Code  Gb  stm8l15x_rtc.o [1]
RTC_SetWakeUpCounter    0x009ad8   0x16  Code  Gb  stm8l15x_rtc.o [1]
RTC_WakeUpClockConfig   0x0098cc   0x20  Code  Gb  stm8l15x_rtc.o [1]
RTC_WakeUpCmd           0x009469   0x40  Code  Gb  stm8l15x_rtc.o [1]
RTC_WriteProtectionCmd  0x009b15   0x12  Code  Gb  stm8l15x_rtc.o [1]
Region$$Table$$Base     0x0098ba          --   Gb  - Linker created -
Region$$Table$$Limit    0x0098cc          --   Gb  - Linker created -
SYSDivFactor            0x009c95    0x5  Data  Gb  stm8l15x_clk.o [1]
TI1Buffer               0x00007f    0x8  Data  Gb  daphne_utilities.o [1]
TI2Buffer               0x000087    0x8  Data  Gb  daphne_utilities.o [1]
TIM1_ARRPreloadConfig   0x009bd0    0xe  Code  Gb  stm8l15x_tim1.o [1]
TIM1_Cmd                0x009bb4    0xe  Code  Gb  stm8l15x_tim1.o [1]
TIM1_Config             0x0094a9   0x3f  Code  Gb  daphne_hardware_config.o [1]
TIM1_CtrlPWMOutputs     0x009bc2    0xe  Code  Gb  stm8l15x_tim1.o [1]
TIM1_DMACmd             0x009a5b   0x1a  Code  Gb  stm8l15x_tim1.o [1]
TIM1_DeInit             0x008c7d   0x99  Code  Gb  stm8l15x_tim1.o [1]
TIM1_OC1Init            0x009090   0x66  Code  Gb  stm8l15x_tim1.o [1]
TIM1_SelectOutputTrigger
                        0x009c16    0xd  Code  Gb  stm8l15x_tim1.o [1]
TIM1_TimeBaseInit       0x009830   0x24  Code  Gb  stm8l15x_tim1.o [1]
TIM2_ClearITPendingBit  0x009c6f    0x9  Code  Gb  stm8l15x_tim2.o [1]
TIM2_Cmd                0x009bde    0xe  Code  Gb  stm8l15x_tim2.o [1]
TIM2_Config             0x009593   0x36  Code  Gb  daphne_hardware_config.o [1]
TIM2_CtrlPWMOutputs     0x009bec    0xe  Code  Gb  stm8l15x_tim2.o [1]
TIM2_DMACmd             0x009a8f   0x1a  Code  Gb  stm8l15x_tim2.o [1]
TIM2_DeInit             0x0090f6   0x65  Code  Gb  stm8l15x_tim2.o [1]
TIM2_ITConfig           0x009a75   0x1a  Code  Gb  stm8l15x_tim2.o [1]
TIM2_OC1Init            0x009217   0x57  Code  Gb  stm8l15x_tim2.o [1]
TIM2_OC1PreloadConfig   0x009bfa    0xe  Code  Gb  stm8l15x_tim2.o [1]
TIM2_SelectInputTrigger
                        0x00999f   0x1b  Code  Gb  stm8l15x_tim2.o [1]
TIM2_SelectSlaveMode    0x0099ba   0x1b  Code  Gb  stm8l15x_tim2.o [1]
TIM2_TimeBaseInit       0x009854   0x24  Code  Gb  stm8l15x_tim2.o [1]
TIM2_UPD_OVF_TRG_BRK_IRQHandler
                        0x009635   0x34  Code  Gb  stm8l15x_it.o [1]
TIM4_Cmd                0x009c08    0xe  Code  Gb  stm8l15x_tim4.o [1]
TIM4_Config             0x0097c1   0x25  Code  Gb  daphne_hardware_config.o [1]
TIM4_DeInit             0x009899   0x21  Code  Gb  stm8l15x_tim4.o [1]
TIM4_SelectInputTrigger
                        0x0099f0   0x1b  Code  Gb  stm8l15x_tim4.o [1]
TIM4_SelectOnePulseMode
                        0x009b7b    0xf  Code  Gb  stm8l15x_tim4.o [1]
TIM4_SelectOutputTrigger
                        0x0099d5   0x1b  Code  Gb  stm8l15x_tim4.o [1]
TIM4_SelectSlaveMode    0x009a0b   0x1b  Code  Gb  stm8l15x_tim4.o [1]
TIM4_TimeBaseInit       0x009b5a   0x11  Code  Gb  stm8l15x_tim4.o [1]
User_CheckNDEFMessage   0x00939d   0x46  Code  Gb  M24LR04E-R_User.o [1]
User_GetNDEFMessage     0x009696   0x2c  Code  Gb  M24LR04E-R_User.o [1]
User_GetPayloadLength   0x0097e6   0x25  Code  Gb  M24LR04E-R_User.o [1]
User_ReadNDEFMessage    0x008e37   0x84  Code  Gb  M24LR04E-R_User.o [1]
__DebugBreak            0x009cb8    0x1  Code  Gb  __dbg_break.o [3]
__exit                  0x009aee   0x14  Code  Gb  __dbg_xxexit.o [3]
__iar_copy_init2        0x009799         Code  Gb  init_small.o [4]
__iar_data_init2        0x009ac1   0x17  Code  Gb  init.o [4]
__iar_program_start     0x009b02         Code  Gb  cstartup.o [4]
__iar_unhandled_exception
                        0x009cb5         Code  Gb  unhandled_exception.o [4]
__iar_zero_init2        0x009965         Code  Gb  init_small.o [4]
__intvec                0x008000         Data  Gb  interrupt.o [4]
__low_level_init        0x009caf    0x3  Code  Gb  low_level_init.o [4]
_exit                   0x009c9f         Code  Gb  cexit.o [4]
_interrupt_21           0x009635         Code  Gb  stm8l15x_it.o [1]
_interrupt_6            0x008f3a         Code  Gb  stm8l15x_it.o [1]
breath_period           0x00009f    0x2  Data  Gb  daphne_utilities.o [1]
breathing_rate          0x000018    0x4  Data  Gb  daphne_utilities.o [1]
check_data              0x00915b   0x61  Code  Gb  daphne_utilities.o [1]
daphne                  0x0000a5    0x1  Data  Gb  main.o [1]
data                    0x00006b   0x14  Data  Lc  daphne_utilities.o [1]
end_timer               0x0000a1    0x2  Data  Gb  stm8l15x_it.o [1]
exit                    0x009cb2    0x3  Code  Gb  exit.o [4]
fetch_data              0x009c30    0xc  Code  Gb  daphne_utilities.o [1]
get_new_settings        0x009aa9   0x18  Code  Gb  daphne_utilities.o [1]
initialize              0x0091bc   0x5b  Code  Gb  daphne_utilities.o [1]
inspiratory_time        0x00001c    0x4  Data  Gb  daphne_utilities.o [1]
interpulse_interval     0x000020    0x4  Data  Gb  daphne_utilities.o [1]
isdigit                 0x009b6b   0x10  Code  Gb  isdigit.o [4]
limit_data              0x00856c  0x17d  Code  Gb  daphne_utilities.o [1]
main                    0x009b27   0x11  Code  Gb  main.o [1]
one_period              0x000097    0x4  Data  Gb  daphne_utilities.o [1]
parse_data              0x008a57   0xcf  Code  Gb  daphne_utilities.o [1]
pulse_amplitude         0x000014    0x4  Data  Gb  daphne_utilities.o [1]
pulse_width             0x000010    0x4  Data  Gb  daphne_utilities.o [1]
sentMail                0x000024    0x7  Data  Gb  daphne_utilities.o [1]
start_Expiration        0x0096c2   0x2b  Code  Gb  daphne_fsm_functions.o [1]
start_Inspiration       0x0094e8   0x3d  Code  Gb  daphne_fsm_functions.o [1]
time_ex                 0x00009d    0x2  Data  Gb  daphne_utilities.o [1]
time_in                 0x00009b    0x2  Data  Gb  daphne_utilities.o [1]
update                  0x008978   0xdf  Code  Gb  daphne_utilities.o [1]


[1] = C:\Users\Alexey Revinski\Documents\SENIOR\Repo\BME390\MCU\Project\EWSTM8\Debug\Obj
[2] = command line
[3] = dbgstm8ssd.a
[4] = dlstm8ssn.a

  7 169 bytes of readonly  code memory
    184 bytes of readonly  data memory
    422 bytes of readwrite data memory

Errors: none
Warnings: none
